Component: ARM Compiler 5.06 update 4 (build 422) Tool: armlink [4d35d2]

==============================================================================

Section Cross References

    main.o(i.main) refers to sys.o(i.SysInit) for SysInit
    main.o(i.main) refers to tasks.o(i.vTaskStartScheduler) for vTaskStartScheduler
    gd32_it.o(i.PendSV_Handler) refers to port.o(.emb_text) for xPortPendSVHandler
    gd32_it.o(i.SVC_Handler) refers to port.o(.emb_text) for vPortSVCHandler
    gd32_it.o(i.SysTick_Handler) refers to port.o(i.xPortSysTickHandler) for xPortSysTickHandler
    sys.o(i.SysInit) refers to sys.o(i.System_Clock_Init) for System_Clock_Init
    sys.o(i.SysInit) refers to sys.o(i.SysTick_Init) for SysTick_Init
    sys.o(i.SysInit) refers to usart.o(i.uart_init) for uart_init
    sys.o(i.SysTick_Init) refers to system_gd32f10x.o(.data) for SystemCoreClock
    sys.o(i.System_Clock_Init) refers to gd32f10x_rcc.o(i.RCC_DeInit) for RCC_DeInit
    sys.o(i.System_Clock_Init) refers to gd32f10x_rcc.o(i.RCC_HSI_Enable) for RCC_HSI_Enable
    sys.o(i.System_Clock_Init) refers to gd32f10x_rcc.o(i.RCC_GetBitState) for RCC_GetBitState
    sys.o(i.System_Clock_Init) refers to gd32f10x_rcc.o(i.RCC_AHBConfig) for RCC_AHBConfig
    sys.o(i.System_Clock_Init) refers to gd32f10x_rcc.o(i.RCC_APB1Config) for RCC_APB1Config
    sys.o(i.System_Clock_Init) refers to gd32f10x_rcc.o(i.RCC_APB2Config) for RCC_APB2Config
    sys.o(i.System_Clock_Init) refers to gd32f10x_rcc.o(i.RCC_PLLConfig) for RCC_PLLConfig
    sys.o(i.System_Clock_Init) refers to gd32f10x_rcc.o(i.RCC_PLL_Enable) for RCC_PLL_Enable
    sys.o(i.System_Clock_Init) refers to gd32f10x_rcc.o(i.RCC_CK_SYSConfig) for RCC_CK_SYSConfig
    sys.o(i.System_Clock_Init) refers to gd32f10x_rcc.o(i.RCC_GetCK_SYSSource) for RCC_GetCK_SYSSource
    sys.o(i.System_Clock_Init) refers to gd32f10x_rcc.o(i.RCC_APB1PeriphClock_Enable) for RCC_APB1PeriphClock_Enable
    sys.o(i.System_Clock_Init) refers to gd32f10x_rcc.o(i.RCC_APB2PeriphClock_Enable) for RCC_APB2PeriphClock_Enable
    sys.o(i.System_Clock_Init) refers to gd32f10x_misc.o(i.NVIC_PRIGroup_Enable) for NVIC_PRIGroup_Enable
    usart.o(i.DMA1_Channel4_IRQHandler) refers to gd32f10x_dma.o(i.DMA_ClearBitState) for DMA_ClearBitState
    usart.o(i.DMA1_Channel4_IRQHandler) refers to gd32f10x_dma.o(i.DMA_Enable) for DMA_Enable
    usart.o(i.UartPrintf) refers to heap_4.o(i.pvPortMalloc) for pvPortMalloc
    usart.o(i.UartPrintf) refers to printfa.o(i.__0vsprintf) for vsprintf
    usart.o(i.UartPrintf) refers to gd32f10x_dma.o(i.DMA_GetCurrDataCounter) for DMA_GetCurrDataCounter
    usart.o(i.UartPrintf) refers to gd32f10x_dma.o(i.DMA_Enable) for DMA_Enable
    usart.o(i.UartPrintf) refers to memcpya.o(.text) for __aeabi_memcpy
    usart.o(i.UartPrintf) refers to gd32f10x_dma.o(i.DMA_SetCurrDataCounter) for DMA_SetCurrDataCounter
    usart.o(i.UartPrintf) refers to usart.o(.data) for .data
    usart.o(i.uart_dma_init) refers to gd32f10x_rcc.o(i.RCC_AHBPeriphClock_Enable) for RCC_AHBPeriphClock_Enable
    usart.o(i.uart_dma_init) refers to gd32f10x_misc.o(i.NVIC_Init) for NVIC_Init
    usart.o(i.uart_dma_init) refers to gd32f10x_dma.o(i.DMA_DeInit) for DMA_DeInit
    usart.o(i.uart_dma_init) refers to gd32f10x_dma.o(i.DMA_Init) for DMA_Init
    usart.o(i.uart_dma_init) refers to gd32f10x_dma.o(i.DMA_INTConfig) for DMA_INTConfig
    usart.o(i.uart_dma_init) refers to gd32f10x_usart.o(i.USART_DMA_Enable) for USART_DMA_Enable
    usart.o(i.uart_dma_init) refers to usart.o(.data) for .data
    usart.o(i.uart_init) refers to heap_4.o(i.pvPortMalloc) for pvPortMalloc
    usart.o(i.uart_init) refers to gd32f10x_rcc.o(i.RCC_APB2PeriphClock_Enable) for RCC_APB2PeriphClock_Enable
    usart.o(i.uart_init) refers to gd32f10x_gpio.o(i.GPIO_PinRemapConfig) for GPIO_PinRemapConfig
    usart.o(i.uart_init) refers to gd32f10x_gpio.o(i.GPIO_Init) for GPIO_Init
    usart.o(i.uart_init) refers to gd32f10x_misc.o(i.NVIC_Init) for NVIC_Init
    usart.o(i.uart_init) refers to gd32f10x_usart.o(i.USART_DeInit) for USART_DeInit
    usart.o(i.uart_init) refers to gd32f10x_usart.o(i.USART_Init) for USART_Init
    usart.o(i.uart_init) refers to gd32f10x_usart.o(i.USART_Enable) for USART_Enable
    usart.o(i.uart_init) refers to usart.o(i.uart_dma_init) for uart_dma_init
    usart.o(i.uart_init) refers to usart.o(.data) for .data
    iic.o(i.I2C_ReadOneByte) refers to iic.o(i.IIC_Start) for IIC_Start
    iic.o(i.I2C_ReadOneByte) refers to iic.o(i.IIC_Send_Byte) for IIC_Send_Byte
    iic.o(i.I2C_ReadOneByte) refers to iic.o(i.IIC_Wait_Ack) for IIC_Wait_Ack
    iic.o(i.I2C_ReadOneByte) refers to iic.o(i.IIC_Read_Byte) for IIC_Read_Byte
    iic.o(i.I2C_ReadOneByte) refers to iic.o(i.IIC_Stop) for IIC_Stop
    iic.o(i.IIC_Ack) refers to iic.o(i.SDA_OUT) for SDA_OUT
    iic.o(i.IIC_Ack) refers to iic.o(i.delay_us) for delay_us
    iic.o(i.IIC_Init) refers to gd32f10x_gpio.o(i.GPIO_Init) for GPIO_Init
[...]
    Removing gd32f10x_exmc.o(i.EXMC_NORSRAMStruct_Init), (102 bytes).
    Removing gd32f10x_exmc.o(i.EXMC_NORSRAM_DeInit), (72 bytes).
    Removing gd32f10x_exmc.o(i.EXMC_NORSRAM_Enable), (108 bytes).
    Removing gd32f10x_exmc.o(i.EXMC_NORSRAM_Init), (200 bytes).
    Removing gd32f10x_exmc.o(i.EXMC_PCCARDStruct_Init), (60 bytes).
    Removing gd32f10x_exmc.o(i.EXMC_PCCARD_DeInit), (26 bytes).
    Removing gd32f10x_exmc.o(i.EXMC_PCCARD_Enable), (32 bytes).
    Removing gd32f10x_exmc.o(i.EXMC_PCCARD_Init), (102 bytes).
    Removing gd32f10x_exti.o(.rev16_text), (4 bytes).
    Removing gd32f10x_exti.o(.revsh_text), (4 bytes).
    Removing gd32f10x_exti.o(.rrx_text), (6 bytes).
    Removing gd32f10x_exti.o(i.EXTI_ClearBitState), (12 bytes).
    Removing gd32f10x_exti.o(i.EXTI_ClearIntBitState), (12 bytes).
    Removing gd32f10x_exti.o(i.EXTI_DeInit), (48 bytes).
    Removing gd32f10x_exti.o(i.EXTI_GetBitState), (20 bytes).
    Removing gd32f10x_exti.o(i.EXTI_GetIntBitState), (32 bytes).
    Removing gd32f10x_exti.o(i.EXTI_Init), (112 bytes).
    Removing gd32f10x_exti.o(i.EXTI_SWINT_Enable), (16 bytes).
    Removing gd32f10x_fmc.o(.rev16_text), (4 bytes).
    Removing gd32f10x_fmc.o(.revsh_text), (4 bytes).
    Removing gd32f10x_fmc.o(.rrx_text), (6 bytes).
    Removing gd32f10x_fmc.o(i.FMC_B1_WaitReady), (22 bytes).
    Removing gd32f10x_fmc.o(i.FMC_ClearBitState), (12 bytes).
    Removing gd32f10x_fmc.o(i.FMC_ErasePage), (60 bytes).
    Removing gd32f10x_fmc.o(i.FMC_GetB1State), (40 bytes).
    Removing gd32f10x_fmc.o(i.FMC_GetBitState), (32 bytes).
    Removing gd32f10x_fmc.o(i.FMC_GetState), (40 bytes).
    Removing gd32f10x_fmc.o(i.FMC_INTConfig), (24 bytes).
    Removing gd32f10x_fmc.o(i.FMC_Lock), (16 bytes).
    Removing gd32f10x_fmc.o(i.FMC_LockB1), (16 bytes).
    Removing gd32f10x_fmc.o(i.FMC_MassB1Erase), (56 bytes).
    Removing gd32f10x_fmc.o(i.FMC_MassErase), (56 bytes).
    Removing gd32f10x_fmc.o(i.FMC_OB_BOOTConfig), (92 bytes).
    Removing gd32f10x_fmc.o(i.FMC_OB_EnableWRP), (152 bytes).
    Removing gd32f10x_fmc.o(i.FMC_OB_Erase), (120 bytes).
    Removing gd32f10x_fmc.o(i.FMC_OB_GetRDP), (20 bytes).
    Removing gd32f10x_fmc.o(i.FMC_OB_GetUser), (16 bytes).
    Removing gd32f10x_fmc.o(i.FMC_OB_GetWRP), (12 bytes).
    Removing gd32f10x_fmc.o(i.FMC_OB_Lock), (16 bytes).
    Removing gd32f10x_fmc.o(i.FMC_OB_RDPConfig), (104 bytes).
    Removing gd32f10x_fmc.o(i.FMC_OB_Reset), (16 bytes).
    Removing gd32f10x_fmc.o(i.FMC_OB_Unlock), (32 bytes).
    Removing gd32f10x_fmc.o(i.FMC_OB_UserConfig), (76 bytes).
    Removing gd32f10x_fmc.o(i.FMC_OB_WriteUser), (64 bytes).
    Removing gd32f10x_fmc.o(i.FMC_ProgramOptionByteData), (56 bytes).
    Removing gd32f10x_fmc.o(i.FMC_ProgramWord), (52 bytes).
    Removing gd32f10x_fmc.o(i.FMC_ReadOutProtection), (136 bytes).
    Removing gd32f10x_fmc.o(i.FMC_Unlock), (32 bytes).
    Removing gd32f10x_fmc.o(i.FMC_UnlockB1), (32 bytes).
    Removing gd32f10x_fmc.o(i.FMC_WaitReady), (22 bytes).
    Removing gd32f10x_gpio.o(.rev16_text), (4 bytes).
    Removing gd32f10x_gpio.o(.revsh_text), (4 bytes).
    Removing gd32f10x_gpio.o(.rrx_text), (6 bytes).
    Removing gd32f10x_gpio.o(i.GPIO_AFDeInit), (22 bytes).
    Removing gd32f10x_gpio.o(i.GPIO_DeInit), (180 bytes).
    Removing gd32f10x_gpio.o(i.GPIO_ETH_MediaInterfaceConfig), (20 bytes).
    Removing gd32f10x_gpio.o(i.GPIO_EXTILineConfig), (88 bytes).
    Removing gd32f10x_gpio.o(i.GPIO_EventOutputConfig), (28 bytes).
    Removing gd32f10x_gpio.o(i.GPIO_EventOutput_Enable), (28 bytes).
    Removing gd32f10x_gpio.o(i.GPIO_ParaInit), (16 bytes).
    Removing gd32f10x_gpio.o(i.GPIO_PinLockConfig), (16 bytes).
    Removing gd32f10x_gpio.o(i.GPIO_ReadInputBit), (14 bytes).
    Removing gd32f10x_gpio.o(i.GPIO_ReadInputData), (6 bytes).
    Removing gd32f10x_gpio.o(i.GPIO_ReadOutputBit), (14 bytes).
    Removing gd32f10x_gpio.o(i.GPIO_ReadOutputData), (6 bytes).
    Removing gd32f10x_gpio.o(i.GPIO_ResetBits), (4 bytes).
    Removing gd32f10x_gpio.o(i.GPIO_SetBits), (4 bytes).
    Removing gd32f10x_gpio.o(i.GPIO_WriteBit), (10 bytes).
    Removing gd32f10x_gpio.o(i.GPIO_WritePort), (4 bytes).
    Removing gd32f10x_i2c.o(.rev16_text), (4 bytes).
    Removing gd32f10x_i2c.o(.revsh_text), (4 bytes).
    Removing gd32f10x_i2c.o(.rrx_text), (6 bytes).
    Removing gd32f10x_i2c.o(i.I2C_ARP_Enable), (20 bytes).
    Removing gd32f10x_i2c.o(i.I2C_Acknowledge_Enable), (20 bytes).
    Removing gd32f10x_i2c.o(i.I2C_AddressingDevice_7bit), (16 bytes).
    Removing gd32f10x_i2c.o(i.I2C_ClearBitState), (6 bytes).
    Removing gd32f10x_i2c.o(i.I2C_ClearIntBitState), (6 bytes).
    Removing gd32f10x_i2c.o(i.I2C_DMALastTransfer_Enable), (20 bytes).
    Removing gd32f10x_i2c.o(i.I2C_DMA_Enable), (20 bytes).
    Removing gd32f10x_i2c.o(i.I2C_DeInit), (44 bytes).
    Removing gd32f10x_i2c.o(i.I2C_DualAddress_Enable), (20 bytes).
    Removing gd32f10x_i2c.o(i.I2C_Enable), (20 bytes).
    Removing gd32f10x_i2c.o(i.I2C_FastModeDutyCycle), (22 bytes).
    Removing gd32f10x_i2c.o(i.I2C_GeneralCall_Enable), (20 bytes).
    Removing gd32f10x_i2c.o(i.I2C_GetBitState), (44 bytes).
    Removing gd32f10x_i2c.o(i.I2C_GetCurrentState), (14 bytes).
    Removing gd32f10x_i2c.o(i.I2C_GetIntBitState), (32 bytes).
    Removing gd32f10x_i2c.o(i.I2C_GetPECValue), (6 bytes).
    Removing gd32f10x_i2c.o(i.I2C_INTConfig), (16 bytes).
    Removing gd32f10x_i2c.o(i.I2C_Init), (196 bytes).
    Removing gd32f10x_i2c.o(i.I2C_NACKPosition_Enable), (22 bytes).
    Removing gd32f10x_i2c.o(i.I2C_OwnAddress2), (16 bytes).
    Removing gd32f10x_i2c.o(i.I2C_PECPosition_Enable), (22 bytes).
    Removing gd32f10x_i2c.o(i.I2C_PECTransmit_Enable), (20 bytes).
    Removing gd32f10x_i2c.o(i.I2C_PEC_Enable), (20 bytes).
    Removing gd32f10x_i2c.o(i.I2C_ParaInit), (28 bytes).
    Removing gd32f10x_i2c.o(i.I2C_ReadRegister), (10 bytes).
    Removing gd32f10x_i2c.o(i.I2C_ReceiveData), (6 bytes).
    Removing gd32f10x_i2c.o(i.I2C_SMBusAlertSend_Enable), (20 bytes).
    Removing gd32f10x_i2c.o(i.I2C_SendData), (4 bytes).
    Removing gd32f10x_i2c.o(i.I2C_SoftwareReset_Enable), (20 bytes).
    Removing gd32f10x_i2c.o(i.I2C_StartOnBus_Enable), (20 bytes).
    Removing gd32f10x_i2c.o(i.I2C_StateDetect), (24 bytes).
    Removing gd32f10x_i2c.o(i.I2C_StopOnBus_Enable), (20 bytes).
    Removing gd32f10x_i2c.o(i.I2C_StretchClock_Enable), (20 bytes).
    Removing gd32f10x_iwdg.o(.rev16_text), (4 bytes).
    Removing gd32f10x_iwdg.o(.revsh_text), (4 bytes).
    Removing gd32f10x_iwdg.o(.rrx_text), (6 bytes).
    Removing gd32f10x_iwdg.o(i.IWDG_Enable), (16 bytes).
    Removing gd32f10x_iwdg.o(i.IWDG_GetBitState), (20 bytes).
    Removing gd32f10x_iwdg.o(i.IWDG_ReloadCounter), (16 bytes).
    Removing gd32f10x_iwdg.o(i.IWDG_SetPrescaler), (12 bytes).
    Removing gd32f10x_iwdg.o(i.IWDG_SetReloadValue), (12 bytes).
    Removing gd32f10x_iwdg.o(i.IWDG_Write_Enable), (12 bytes).
    Removing gd32f10x_mcudbg.o(.rev16_text), (4 bytes).
    Removing gd32f10x_mcudbg.o(.revsh_text), (4 bytes).
    Removing gd32f10x_mcudbg.o(.rrx_text), (6 bytes).
    Removing gd32f10x_mcudbg.o(i.MCUDBG_GetDEVID), (16 bytes).
    Removing gd32f10x_mcudbg.o(i.MCUDBG_GetREVID), (12 bytes).
    Removing gd32f10x_mcudbg.o(i.MCUDBG_PeriphConfig), (24 bytes).
    Removing gd32f10x_misc.o(.rev16_text), (4 bytes).
    Removing gd32f10x_misc.o(.revsh_text), (4 bytes).
    Removing gd32f10x_misc.o(.rrx_text), (6 bytes).
    Removing gd32f10x_misc.o(i.NVIC_SystemLowPowerConfig), (24 bytes).
    Removing gd32f10x_misc.o(i.NVIC_VectTableSet), (20 bytes).
    Removing gd32f10x_misc.o(i.SysTick_CKSource_Enable), (24 bytes).
    Removing gd32f10x_pwr.o(.rev16_text), (4 bytes).
    Removing gd32f10x_pwr.o(.revsh_text), (4 bytes).
    Removing gd32f10x_pwr.o(.rrx_text), (6 bytes).
    Removing gd32f10x_pwr.o(i.PWR_BackupAccess_Enable), (28 bytes).
    Removing gd32f10x_pwr.o(i.PWR_ClearBitState), (16 bytes).
    Removing gd32f10x_pwr.o(i.PWR_DEEPSLEEPMode_Entry), (56 bytes).
    Removing gd32f10x_pwr.o(i.PWR_DeInit), (24 bytes).
    Removing gd32f10x_pwr.o(i.PWR_GetBitState), (20 bytes).
    Removing gd32f10x_pwr.o(i.PWR_LVDConfig), (36 bytes).
    Removing gd32f10x_pwr.o(i.PWR_SLEEPMode_Entry), (28 bytes).
    Removing gd32f10x_pwr.o(i.PWR_STDBYMode_Entry), (48 bytes).
    Removing gd32f10x_pwr.o(i.PWR_WKUP_Pin_Enable), (28 bytes).
    Removing gd32f10x_rcc.o(.rev16_text), (4 bytes).
    Removing gd32f10x_rcc.o(.revsh_text), (4 bytes).
    Removing gd32f10x_rcc.o(.rrx_text), (6 bytes).
    Removing gd32f10x_rcc.o(i.RCC_ADCCLKConfig), (28 bytes).
    Removing gd32f10x_rcc.o(i.RCC_AdjustHSICalibrationValue), (20 bytes).
    Removing gd32f10x_rcc.o(i.RCC_BackupReset_Enable), (28 bytes).
    Removing gd32f10x_rcc.o(i.RCC_CKOUTSRCConfig), (20 bytes).
    Removing gd32f10x_rcc.o(i.RCC_ClearBitState), (16 bytes).
    Removing gd32f10x_rcc.o(i.RCC_ClearIntBitState), (12 bytes).
    Removing gd32f10x_rcc.o(i.RCC_GetIntBitState), (20 bytes).
    Removing gd32f10x_rcc.o(i.RCC_HSEClockMonitor_Enable), (28 bytes).
    Removing gd32f10x_rcc.o(i.RCC_HSEConfig), (24 bytes).
    Removing gd32f10x_rcc.o(i.RCC_INTConfig), (24 bytes).
    Removing gd32f10x_rcc.o(i.RCC_KERNELVOLConfig), (24 bytes).
    Removing gd32f10x_rcc.o(i.RCC_LSEConfig), (32 bytes).
    Removing gd32f10x_rcc.o(i.RCC_LSI_Enable), (28 bytes).
    Removing gd32f10x_rcc.o(i.RCC_RTCCLKConfig), (24 bytes).
    Removing gd32f10x_rcc.o(i.RCC_RTCCLK_Enable), (28 bytes).
    Removing gd32f10x_rcc.o(i.RCC_USBCLKConfig), (24 bytes).
    Removing gd32f10x_rcc.o(i.RCC_WaitForHSEStartUp), (44 bytes).
    Removing gd32f10x_rtc.o(.rev16_text), (4 bytes).
    Removing gd32f10x_rtc.o(.revsh_text), (4 bytes).
    Removing gd32f10x_rtc.o(.rrx_text), (6 bytes).
    Removing gd32f10x_rtc.o(i.RTC_ClearBitState), (16 bytes).
    Removing gd32f10x_rtc.o(i.RTC_ClearIntBitState), (16 bytes).
    Removing gd32f10x_rtc.o(i.RTC_EnterConfigMode), (16 bytes).
    Removing gd32f10x_rtc.o(i.RTC_ExitConfigMode), (16 bytes).
    Removing gd32f10x_rtc.o(i.RTC_GetBitState), (20 bytes).
    Removing gd32f10x_rtc.o(i.RTC_GetCounter), (20 bytes).
    Removing gd32f10x_rtc.o(i.RTC_GetDivider), (24 bytes).
    Removing gd32f10x_rtc.o(i.RTC_GetIntBitState), (32 bytes).
    Removing gd32f10x_rtc.o(i.RTC_INT_Enable), (24 bytes).
    Removing gd32f10x_rtc.o(i.RTC_SetAlarm), (32 bytes).
    Removing gd32f10x_rtc.o(i.RTC_SetCounter), (32 bytes).
    Removing gd32f10x_rtc.o(i.RTC_SetPrescaler), (32 bytes).
    Removing gd32f10x_rtc.o(i.RTC_WaitLWOFF), (16 bytes).
    Removing gd32f10x_rtc.o(i.RTC_WaitRSF), (24 bytes).
    Removing gd32f10x_sdio.o(.rev16_text), (4 bytes).
    Removing gd32f10x_sdio.o(.revsh_text), (4 bytes).
    Removing gd32f10x_sdio.o(.rrx_text), (6 bytes).
    Removing gd32f10x_sdio.o(i.SDIO_CEATAInt_Enable), (28 bytes).
    Removing gd32f10x_sdio.o(i.SDIO_CMDCompletion_Enable), (28 bytes).
    Removing gd32f10x_sdio.o(i.SDIO_CMDParaInit), (14 bytes).
    Removing gd32f10x_sdio.o(i.SDIO_ClearBitState), (12 bytes).
    Removing gd32f10x_sdio.o(i.SDIO_ClearIntBitState), (12 bytes).
    Removing gd32f10x_sdio.o(i.SDIO_Clock_Enable), (28 bytes).
    Removing gd32f10x_sdio.o(i.SDIO_DMA_Enable), (28 bytes).
    Removing gd32f10x_sdio.o(i.SDIO_DataConfig), (44 bytes).
    Removing gd32f10x_sdio.o(i.SDIO_DataParaInit), (20 bytes).
    Removing gd32f10x_sdio.o(i.SDIO_DeInit), (36 bytes).
    Removing gd32f10x_sdio.o(i.SDIO_GetBitState), (20 bytes).
    Removing gd32f10x_sdio.o(i.SDIO_GetCMDResponse), (12 bytes).
    Removing gd32f10x_sdio.o(i.SDIO_GetDataCount), (12 bytes).
    Removing gd32f10x_sdio.o(i.SDIO_GetFIFOCount), (12 bytes).
    Removing gd32f10x_sdio.o(i.SDIO_GetIntBitState), (20 bytes).
    Removing gd32f10x_sdio.o(i.SDIO_GetPWRState), (16 bytes).
    Removing gd32f10x_sdio.o(i.SDIO_GetResponse), (16 bytes).
    Removing gd32f10x_sdio.o(i.SDIO_INTConfig), (24 bytes).
    Removing gd32f10x_sdio.o(i.SDIO_Init), (44 bytes).
    Removing gd32f10x_sdio.o(i.SDIO_ParaInit), (16 bytes).
    Removing gd32f10x_sdio.o(i.SDIO_ReadData), (12 bytes).
    Removing gd32f10x_sdio.o(i.SDIO_SendCEATA_Enable), (28 bytes).
    Removing gd32f10x_sdio.o(i.SDIO_SendCMD), (40 bytes).
    Removing gd32f10x_sdio.o(i.SDIO_SendSDIOSuspend_Enable), (28 bytes).
    Removing gd32f10x_sdio.o(i.SDIO_SetPWRState), (24 bytes).
    Removing gd32f10x_sdio.o(i.SDIO_SetSDIOOperation), (28 bytes).
    Removing gd32f10x_sdio.o(i.SDIO_SetSDIOReadWaitMode), (28 bytes).
    Removing gd32f10x_sdio.o(i.SDIO_StartSDIOReadWait), (28 bytes).
    Removing gd32f10x_sdio.o(i.SDIO_StopSDIOReadWait), (28 bytes).
    Removing gd32f10x_sdio.o(i.SDIO_WriteData), (12 bytes).
    Removing gd32f10x_spi.o(.rev16_text), (4 bytes).
    Removing gd32f10x_spi.o(.revsh_text), (4 bytes).
    Removing gd32f10x_spi.o(.rrx_text), (6 bytes).
    Removing gd32f10x_spi.o(i.I2S_Enable), (20 bytes).
    Removing gd32f10x_spi.o(i.I2S_Init), (146 bytes).
    Removing gd32f10x_spi.o(i.I2S_ParaInit), (18 bytes).
    Removing gd32f10x_spi.o(i.SPI_BDOEConfig), (22 bytes).
    Removing gd32f10x_spi.o(i.SPI_CRC_Enable), (20 bytes).
    Removing gd32f10x_spi.o(i.SPI_Enable), (20 bytes).
    Removing gd32f10x_spi.o(i.SPI_FrameFormatConfig), (16 bytes).
    Removing gd32f10x_spi.o(i.SPI_GetCRC), (12 bytes).
    Removing gd32f10x_spi.o(i.SPI_GetCRCPolynomial), (4 bytes).
    Removing gd32f10x_spi.o(i.SPI_I2S_ClearBitState), (6 bytes).
    Removing gd32f10x_spi.o(i.SPI_I2S_ClearIntBitState), (14 bytes).
    Removing gd32f10x_spi.o(i.SPI_I2S_DMA_Enable), (16 bytes).
    Removing gd32f10x_spi.o(i.SPI_I2S_DeInit), (84 bytes).
    Removing gd32f10x_spi.o(i.SPI_I2S_GetBitState), (10 bytes).
    Removing gd32f10x_spi.o(i.SPI_I2S_GetIntBitState), (42 bytes).
    Removing gd32f10x_spi.o(i.SPI_I2S_INTConfig), (24 bytes).
    Removing gd32f10x_spi.o(i.SPI_I2S_ReceiveData), (4 bytes).
    Removing gd32f10x_spi.o(i.SPI_I2S_SendData), (4 bytes).
    Removing gd32f10x_spi.o(i.SPI_Init), (56 bytes).
    Removing gd32f10x_spi.o(i.SPI_NSSDRV), (20 bytes).
    Removing gd32f10x_spi.o(i.SPI_ParaInit), (24 bytes).
    Removing gd32f10x_spi.o(i.SPI_SWNSSConfig), (20 bytes).
    Removing gd32f10x_spi.o(i.SPI_SendCRCNext), (10 bytes).
    Removing gd32f10x_timer.o(.rev16_text), (4 bytes).
    Removing gd32f10x_timer.o(.revsh_text), (4 bytes).
    Removing gd32f10x_timer.o(.rrx_text), (6 bytes).
    Removing gd32f10x_timer.o(i.TI1_Config), (46 bytes).
    Removing gd32f10x_timer.o(i.TI2_Config), (54 bytes).
    Removing gd32f10x_timer.o(i.TIMER_BKDTConfig), (34 bytes).
    Removing gd32f10x_timer.o(i.TIMER_BKDTStructInit), (18 bytes).
    Removing gd32f10x_timer.o(i.TIMER_BaseInit), (184 bytes).
    Removing gd32f10x_timer.o(i.TIMER_BaseStructInit), (18 bytes).
    Removing gd32f10x_timer.o(i.TIMER_CARLPreloadConfig), (20 bytes).
    Removing gd32f10x_timer.o(i.TIMER_CC_DMA), (20 bytes).
    Removing gd32f10x_timer.o(i.TIMER_CC_PreloadControl), (20 bytes).
    Removing gd32f10x_timer.o(i.TIMER_CCxCmd), (22 bytes).
    Removing gd32f10x_timer.o(i.TIMER_CCxNCmd), (22 bytes).
    Removing gd32f10x_timer.o(i.TIMER_ClearBitState), (6 bytes).
    Removing gd32f10x_timer.o(i.TIMER_ClearIntBitState), (6 bytes).
    Removing gd32f10x_timer.o(i.TIMER_Compare1Config), (4 bytes).
    Removing gd32f10x_timer.o(i.TIMER_Compare2Config), (4 bytes).
    Removing gd32f10x_timer.o(i.TIMER_Compare3Config), (4 bytes).
    Removing gd32f10x_timer.o(i.TIMER_Compare4Config), (6 bytes).
    Removing gd32f10x_timer.o(i.TIMER_CounterMode), (12 bytes).
    Removing gd32f10x_timer.o(i.TIMER_CtrlPWMOutputs), (22 bytes).
    Removing gd32f10x_timer.o(i.TIMER_DMACmd), (16 bytes).
    Removing gd32f10x_timer.o(i.TIMER_DMAConfig), (8 bytes).
    Removing gd32f10x_timer.o(i.TIMER_DeInit), (372 bytes).
    Removing gd32f10x_timer.o(i.TIMER_ETRClockMode1Config), (18 bytes).
    Removing gd32f10x_timer.o(i.TIMER_ETRClockMode2Config), (18 bytes).
    Removing gd32f10x_timer.o(i.TIMER_ETRConfig), (24 bytes).
    Removing gd32f10x_timer.o(i.TIMER_Enable), (20 bytes).
    Removing gd32f10x_timer.o(i.TIMER_EncoderInterfaceConfig), (50 bytes).
    Removing gd32f10x_timer.o(i.TIMER_Forced_OC1), (12 bytes).
    Removing gd32f10x_timer.o(i.TIMER_Forced_OC2), (20 bytes).
    Removing gd32f10x_timer.o(i.TIMER_Forced_OC3), (12 bytes).
    Removing gd32f10x_timer.o(i.TIMER_Forced_OC4), (20 bytes).
    Removing gd32f10x_timer.o(i.TIMER_GenerateEvent), (4 bytes).
    Removing gd32f10x_timer.o(i.TIMER_GetBitState), (10 bytes).
    Removing gd32f10x_timer.o(i.TIMER_GetCapture1), (4 bytes).
    Removing gd32f10x_timer.o(i.TIMER_GetCapture2), (4 bytes).
    Removing gd32f10x_timer.o(i.TIMER_GetCapture3), (4 bytes).
    Removing gd32f10x_timer.o(i.TIMER_GetCapture4), (6 bytes).
    Removing gd32f10x_timer.o(i.TIMER_GetCounter), (4 bytes).
    Removing gd32f10x_timer.o(i.TIMER_GetIntBitState), (22 bytes).
    Removing gd32f10x_timer.o(i.TIMER_GetPrescaler), (4 bytes).
    Removing gd32f10x_timer.o(i.TIMER_ICInit), (172 bytes).
    Removing gd32f10x_timer.o(i.TIMER_ICStructInit), (16 bytes).
    Removing gd32f10x_timer.o(i.TIMER_INTConfig), (16 bytes).
    Removing gd32f10x_timer.o(i.TIMER_ITRxExtClock), (18 bytes).
    Removing gd32f10x_timer.o(i.TIMER_InternalClockConfig), (10 bytes).
    Removing gd32f10x_timer.o(i.TIMER_OC1N_Polarity), (12 bytes).
    Removing gd32f10x_timer.o(i.TIMER_OC1_FastConfig), (12 bytes).
    Removing gd32f10x_timer.o(i.TIMER_OC1_Init), (96 bytes).
    Removing gd32f10x_timer.o(i.TIMER_OC1_Polarity), (12 bytes).
    Removing gd32f10x_timer.o(i.TIMER_OC1_Preload), (12 bytes).
    Removing gd32f10x_timer.o(i.TIMER_OC1_RefClear), (12 bytes).
    Removing gd32f10x_timer.o(i.TIMER_OC2N_Polarity), (20 bytes).
    Removing gd32f10x_timer.o(i.TIMER_OC2_FastConfig), (20 bytes).
    Removing gd32f10x_timer.o(i.TIMER_OC2_Init), (128 bytes).
    Removing gd32f10x_timer.o(i.TIMER_OC2_Polarity), (20 bytes).
    Removing gd32f10x_timer.o(i.TIMER_OC2_Preload), (20 bytes).
    Removing gd32f10x_timer.o(i.TIMER_OC2_RefClear), (20 bytes).
    Removing gd32f10x_timer.o(i.TIMER_OC3N_Polarity), (20 bytes).
    Removing gd32f10x_timer.o(i.TIMER_OC3_FastConfig), (12 bytes).
    Removing gd32f10x_timer.o(i.TIMER_OC3_Init), (124 bytes).
    Removing gd32f10x_timer.o(i.TIMER_OC3_Polarity), (20 bytes).
    Removing gd32f10x_timer.o(i.TIMER_OC3_Preload), (12 bytes).
    Removing gd32f10x_timer.o(i.TIMER_OC3_RefClear), (12 bytes).
    Removing gd32f10x_timer.o(i.TIMER_OC4_FastConfig), (20 bytes).
    Removing gd32f10x_timer.o(i.TIMER_OC4_Init), (100 bytes).
    Removing gd32f10x_timer.o(i.TIMER_OC4_Polarity), (20 bytes).
    Removing gd32f10x_timer.o(i.TIMER_OC4_Preload), (20 bytes).
    Removing gd32f10x_timer.o(i.TIMER_OC4_RefClear), (20 bytes).
    Removing gd32f10x_timer.o(i.TIMER_OCStructInit), (20 bytes).
    Removing gd32f10x_timer.o(i.TIMER_OCxModeConfig), (70 bytes).
    Removing gd32f10x_timer.o(i.TIMER_PWMCaptureConfig), (108 bytes).
    Removing gd32f10x_timer.o(i.TIMER_PrescalerConfig), (6 bytes).
    Removing gd32f10x_timer.o(i.TIMER_SelectCOM), (20 bytes).
    Removing gd32f10x_timer.o(i.TIMER_SelectHallSensor), (20 bytes).
    Removing gd32f10x_timer.o(i.TIMER_SelectInputTrigger), (12 bytes).
    Removing gd32f10x_timer.o(i.TIMER_SelectMasterSlaveMode), (16 bytes).
    Removing gd32f10x_timer.o(i.TIMER_SelectOutputTrigger), (16 bytes).
    Removing gd32f10x_timer.o(i.TIMER_SelectSlaveMode), (16 bytes).
    Removing gd32f10x_timer.o(i.TIMER_SetAutoreload), (4 bytes).
    Removing gd32f10x_timer.o(i.TIMER_SetClockDivision), (16 bytes).
    Removing gd32f10x_timer.o(i.TIMER_SetCounter), (4 bytes).
    Removing gd32f10x_timer.o(i.TIMER_Set_IC1_Prescaler), (16 bytes).
    Removing gd32f10x_timer.o(i.TIMER_Set_IC2_Prescaler), (24 bytes).
    Removing gd32f10x_timer.o(i.TIMER_Set_IC3_Prescaler), (16 bytes).
    Removing gd32f10x_timer.o(i.TIMER_Set_IC4_Prescaler), (24 bytes).
    Removing gd32f10x_timer.o(i.TIMER_SinglePulseMode), (16 bytes).
    Removing gd32f10x_timer.o(i.TIMER_TIxExtCLkConfig), (46 bytes).
    Removing gd32f10x_timer.o(i.TIMER_UpdateDisableConfig), (20 bytes).
    Removing gd32f10x_timer.o(i.TIMER_UpdateRequestConfig), (20 bytes).
    Removing gd32f10x_usart.o(.rev16_text), (4 bytes).
    Removing gd32f10x_usart.o(.revsh_text), (4 bytes).
    Removing gd32f10x_usart.o(.rrx_text), (6 bytes).
    Removing gd32f10x_usart.o(i.USART_Address), (16 bytes).
    Removing gd32f10x_usart.o(i.USART_ClearBitState), (6 bytes).
    Removing gd32f10x_usart.o(i.USART_ClearINTBitState), (12 bytes).
    Removing gd32f10x_usart.o(i.USART_ClockInit), (28 bytes).
    Removing gd32f10x_usart.o(i.USART_ClockStructInit), (12 bytes).
    Removing gd32f10x_usart.o(i.USART_DataReceive), (8 bytes).
    Removing gd32f10x_usart.o(i.USART_DataSend), (8 bytes).
    Removing gd32f10x_usart.o(i.USART_GetBitState), (10 bytes).
    Removing gd32f10x_usart.o(i.USART_GetINTBitState), (66 bytes).
    Removing gd32f10x_usart.o(i.USART_GuardTime_Set), (16 bytes).
    Removing gd32f10x_usart.o(i.USART_HalfDuplex_Enable), (20 bytes).
    Removing gd32f10x_usart.o(i.USART_INT_Set), (44 bytes).
    Removing gd32f10x_usart.o(i.USART_IrDA_Enable), (20 bytes).
    Removing gd32f10x_usart.o(i.USART_IrDA_Set), (16 bytes).
    Removing gd32f10x_usart.o(i.USART_LIN_Enable), (20 bytes).
    Removing gd32f10x_usart.o(i.USART_MuteModeWakeUp_Set), (16 bytes).
    Removing gd32f10x_usart.o(i.USART_MuteMode_Enable), (20 bytes).
    Removing gd32f10x_usart.o(i.USART_ParaInit), (22 bytes).
    Removing gd32f10x_usart.o(i.USART_SendBreak), (10 bytes).
    Removing gd32f10x_usart.o(i.USART_SetLINBDLength), (16 bytes).
    Removing gd32f10x_usart.o(i.USART_SetPrescaler), (16 bytes).
    Removing gd32f10x_usart.o(i.USART_SmartCardNACK_Enable), (20 bytes).
    Removing gd32f10x_usart.o(i.USART_SmartCard_Enable), (20 bytes).
    Removing gd32f10x_wwdg.o(.rev16_text), (4 bytes).
    Removing gd32f10x_wwdg.o(.revsh_text), (4 bytes).
    Removing gd32f10x_wwdg.o(.rrx_text), (6 bytes).
    Removing gd32f10x_wwdg.o(i.WWDG_ClearBitState), (12 bytes).
    Removing gd32f10x_wwdg.o(i.WWDG_DeInit), (24 bytes).
    Removing gd32f10x_wwdg.o(i.WWDG_Enable), (16 bytes).
    Removing gd32f10x_wwdg.o(i.WWDG_EnableInt), (16 bytes).
    Removing gd32f10x_wwdg.o(i.WWDG_GetBitState), (16 bytes).
    Removing gd32f10x_wwdg.o(i.WWDG_SetCounterValue), (16 bytes).
    Removing gd32f10x_wwdg.o(i.WWDG_SetPrescalerValue), (20 bytes).
    Removing gd32f10x_wwdg.o(i.WWDG_SetWindowValue), (28 bytes).
    Removing system_gd32f10x.o(.rev16_text), (4 bytes).
    Removing system_gd32f10x.o(.revsh_text), (4 bytes).
    Removing system_gd32f10x.o(.rrx_text), (6 bytes).
    Removing system_gd32f10x.o(i.SetSysClockTo48), (144 bytes).
    Removing system_gd32f10x.o(i.SystemCoreClockUpdate), (116 bytes).
    Removing system_gd32f10x.o(i.SystemInit), (68 bytes).
    Removing startup_gd32f10x_hd.o(HEAP), (512 bytes).
    Removing queue.o(i.uxQueueMessagesWaiting), (18 bytes).
    Removing queue.o(i.uxQueueMessagesWaitingFromISR), (4 bytes).
    Removing queue.o(i.uxQueueSpacesAvailable), (22 bytes).
    Removing queue.o(i.vQueueDelete), (4 bytes).
    Removing queue.o(i.xQueueCreateCountingSemaphore), (20 bytes).
    Removing queue.o(i.xQueueGiveFromISR), (86 bytes).
    Removing queue.o(i.xQueueIsQueueEmptyFromISR), (12 bytes).
    Removing queue.o(i.xQueueIsQueueFullFromISR), (16 bytes).
    Removing queue.o(i.xQueuePeekFromISR), (44 bytes).
    Removing queue.o(i.xQueueReceiveFromISR), (100 bytes).
    Removing tasks.o(i.pcTaskGetName), (16 bytes).
    Removing tasks.o(i.prvTaskIsTaskSuspended), (32 bytes).
    Removing tasks.o(i.ulTaskNotifyTake), (104 bytes).
    Removing tasks.o(i.uxTaskGetNumberOfTasks), (12 bytes).
    Removing tasks.o(i.uxTaskPriorityGet), (28 bytes).
    Removing tasks.o(i.uxTaskPriorityGetFromISR), (36 bytes).
    Removing tasks.o(i.uxTaskResetEventItemValue), (24 bytes).
    Removing tasks.o(i.vTaskDelay), (48 bytes).
    Removing tasks.o(i.vTaskDelayUntil), (88 bytes).
    Removing tasks.o(i.vTaskDelete), (152 bytes).
    Removing tasks.o(i.vTaskEndScheduler), (28 bytes).
    Removing tasks.o(i.vTaskNotifyGiveFromISR), (140 bytes).
    Removing tasks.o(i.vTaskPlaceOnUnorderedEventList), (44 bytes).
    Removing tasks.o(i.vTaskPrioritySet), (172 bytes).
    Removing tasks.o(i.vTaskResume), (108 bytes).
    Removing tasks.o(i.vTaskSuspend), (156 bytes).
    Removing tasks.o(i.xTaskGenericNotify), (164 bytes).
    Removing tasks.o(i.xTaskGenericNotifyFromISR), (188 bytes).
    Removing tasks.o(i.xTaskGetTickCountFromISR), (12 bytes).
    Removing tasks.o(i.xTaskNotifyStateClear), (48 bytes).
    Removing tasks.o(i.xTaskNotifyWait), (140 bytes).
    Removing tasks.o(i.xTaskRemoveFromUnorderedEventList), (80 bytes).
    Removing tasks.o(i.xTaskResumeFromISR), (116 bytes).
    Removing timers.o(i.pcTimerGetName), (4 bytes).
    Removing timers.o(i.pvTimerGetTimerID), (18 bytes).
    Removing timers.o(i.vTimerSetTimerID), (20 bytes).
    Removing timers.o(i.xTimerCreate), (56 bytes).
    Removing timers.o(i.xTimerGetExpiryTime), (4 bytes).
    Removing timers.o(i.xTimerGetPeriod), (4 bytes).
    Removing timers.o(i.xTimerGetTimerDaemonTaskHandle), (12 bytes).
    Removing timers.o(i.xTimerIsTimerActive), (26 bytes).
    Removing port.o(i.vPortEndScheduler), (2 bytes).
    Removing heap_4.o(i.vPortInitialiseBlocks), (2 bytes).
    Removing heap_4.o(i.xPortGetFreeHeapSize), (12 bytes).
    Removing heap_4.o(i.xPortGetMinimumEverFreeHeapSize), (12 bytes).
    Removing fadd.o(.text), (176 bytes).
    Removing fmul.o(.text), (100 bytes).
    Removing fdiv.o(.text), (124 bytes).
    Removing fscalb.o(.text), (24 bytes).
    Removing dadd.o(.text), (334 bytes).
    Removing dmul.o(.text), (228 bytes).
    Removing ddiv.o(.text), (222 bytes).
    Removing dscalb.o(.text), (46 bytes).
    Removing fflti.o(.text), (18 bytes).
    Removing f2d.o(.text), (38 bytes).
    Removing d2f.o(.text), (56 bytes).
    Removing fepilogue.o(.text), (110 bytes).
    Removing depilogue.o(.text), (186 bytes).
    Removing dfixul.o(.text), (48 bytes).
    Removing cdrcmple.o(.text), (48 bytes).
    Removing dsqrt.o(.text), (162 bytes).
    Removing cdcmple.o(.text), (48 bytes).

669 unused section(s) (total 25883 bytes) removed from the image.

==============================================================================

Image Symbol Table

    Local Symbols

    Symbol Name                              Value     Ov Type        Size  Object(Section)

    ../clib/microlib/division.c              0x00000000   Number         0  uldiv.o ABSOLUTE
    ../clib/microlib/division.c              0x00000000   Number         0  uidiv.o ABSOLUTE
    ../clib/microlib/errno.c                 0x00000000   Number         0  errno.o ABSOLUTE
    ../clib/microlib/init/entry.s            0x00000000   Number         0  entry8b.o ABSOLUTE
    ../clib/microlib/init/entry.s            0x00000000   Number         0  entry7a.o ABSOLUTE
    ../clib/microlib/init/entry.s            0x00000000   Number         0  entry9a.o ABSOLUTE
    ../clib/microlib/init/entry.s            0x00000000   Number         0  entry2.o ABSOLUTE
    ../clib/microlib/init/entry.s            0x00000000   Number         0  entry8a.o ABSOLUTE
    ../clib/microlib/init/entry.s            0x00000000   Number         0  entry.o ABSOLUTE
    ../clib/microlib/init/entry.s            0x00000000   Number         0  entry11b.o ABSOLUTE
    ../clib/microlib/init/entry.s            0x00000000   Number         0  entry11a.o ABSOLUTE
    ../clib/microlib/init/entry.s            0x00000000   Number         0  entry10b.o ABSOLUTE
    ../clib/microlib/init/entry.s            0x00000000   Number         0  entry10a.o ABSOLUTE
    ../clib/microlib/init/entry.s            0x00000000   Number         0  entry9b.o ABSOLUTE
    ../clib/microlib/init/entry.s            0x00000000   Number         0  entry5.o ABSOLUTE
    ../clib/microlib/init/entry.s            0x00000000   Number         0  entry7b.o ABSOLUTE
    ../clib/microlib/longlong.c              0x00000000   Number         0  llshl.o ABSOLUTE
    ../clib/microlib/longlong.c              0x00000000   Number         0  llushr.o ABSOLUTE
    ../clib/microlib/longlong.c              0x00000000   Number         0  llsshr.o ABSOLUTE
    ../clib/microlib/printf/printf.c         0x00000000   Number         0  printfa.o ABSOLUTE
    ../clib/microlib/stdio/fputc.c           0x00000000   Number         0  fputc.o ABSOLUTE
    ../clib/microlib/stdio/semi.s            0x00000000   Number         0  semi.o ABSOLUTE
    ../clib/microlib/stdio/streams.c         0x00000000   Number         0  stdout.o ABSOLUTE
    ../clib/microlib/string/memcpy.c         0x00000000   Number         0  memcpyb.o ABSOLUTE
    ../clib/microlib/string/memcpy.c         0x00000000   Number         0  memcpya.o ABSOLUTE
    ../clib/microlib/stubs.s                 0x00000000   Number         0  iusesemip.o ABSOLUTE
    ../clib/microlib/stubs.s                 0x00000000   Number         0  iusefp.o ABSOLUTE
    ../fplib/microlib/d2f.c                  0x00000000   Number         0  d2f.o ABSOLUTE
    ../fplib/microlib/f2d.c                  0x00000000   Number         0  f2d.o ABSOLUTE
    ../fplib/microlib/fpadd.c                0x00000000   Number         0  dadd.o ABSOLUTE
    ../fplib/microlib/fpadd.c                0x00000000   Number         0  fadd.o ABSOLUTE
    ../fplib/microlib/fpdiv.c                0x00000000   Number         0  ddiv.o ABSOLUTE
    ../fplib/microlib/fpdiv.c                0x00000000   Number         0  fdiv.o ABSOLUTE
    ../fplib/microlib/fpepilogue.c           0x00000000   Number         0  depilogue.o ABSOLUTE
    ../fplib/microlib/fpepilogue.c           0x00000000   Number         0  fepilogue.o ABSOLUTE
    ../fplib/microlib/fpfix.c                0x00000000   Number         0  dfixul.o ABSOLUTE
    ../fplib/microlib/fpflt.c                0x00000000   Number         0  fflti.o ABSOLUTE
    ../fplib/microlib/fpmul.c                0x00000000   Number         0  fmul.o ABSOLUTE
    ../fplib/microlib/fpmul.c                0x00000000   Number         0  dmul.o ABSOLUTE
    ../fplib/microlib/fpscalb.c              0x00000000   Number         0  dscalb.o ABSOLUTE
    ../fplib/microlib/fpscalb.c              0x00000000   Number         0  fscalb.o ABSOLUTE
    ../fplib/microlib/fpsqrt.c               0x00000000   Number         0  dsqrt.o ABSOLUTE
    ../mathlib/asin.c                        0x00000000   Number         0  asin.o ABSOLUTE
    ../mathlib/asin.c                        0x00000000   Number         0  asin_x.o ABSOLUTE
    ../mathlib/atan.c                        0x00000000   Number         0  atan_x.o ABSOLUTE
    ../mathlib/atan.c                        0x00000000   Number         0  atan.o ABSOLUTE
    ../mathlib/atan2.c                       0x00000000   Number         0  atan2.o ABSOLUTE
    ../mathlib/atan2.c                       0x00000000   Number         0  atan2_x.o ABSOLUTE
    ../mathlib/dunder.c                      0x00000000   Number         0  dunder.o ABSOLUTE
    ../mathlib/fpclassify.c                  0x00000000   Number         0  fpclassify.o ABSOLUTE
    ../mathlib/poly.c                        0x00000000   Number         0  poly.o ABSOLUTE
    ../mathlib/qnan.c                        0x00000000   Number         0  qnan.o ABSOLUTE
    ../mathlib/sqrt.c                        0x00000000   Number         0  sqrt.o ABSOLUTE
    ../mathlib/sqrt.c                        0x00000000   Number         0  sqrt_x.o ABSOLUTE
    ..\FreeRtos\list.c                       0x00000000   Number         0  list.o ABSOLUTE
    ..\FreeRtos\portable\MemMang\heap_4.c    0x00000000   Number         0  heap_4.o ABSOLUTE
    ..\FreeRtos\portable\RVDS\ARM_CM3\port.c 0x00000000   Number         0  port.o ABSOLUTE
    ..\FreeRtos\queue.c                      0x00000000   Number         0  queue.o ABSOLUTE
    ..\FreeRtos\tasks.c                      0x00000000   Number         0  tasks.o ABSOLUTE
    ..\FreeRtos\timers.c                     0x00000000   Number         0  timers.o ABSOLUTE
    ..\Hardware\src\DMP.c                    0x00000000   Number         0  dmp.o ABSOLUTE
    ..\Hardware\src\IIC.c                    0x00000000   Number         0  iic.o ABSOLUTE
    ..\Hardware\src\MPU6050.c                0x00000000   Number         0  mpu6050.o ABSOLUTE
    ..\Hardware\src\usart.c                  0x00000000   Number         0  usart.o ABSOLUTE
    ..\Libraries\CMSIS\system_gd32f10x.c     0x00000000   Number         0  system_gd32f10x.o ABSOLUTE
    ..\Libraries\GD32F10x_StdPeriph_Driver\src\gd32f10X_fmc.c 0x00000000   Number         0  gd32f10x_fmc.o ABSOLUTE
    ..\Libraries\GD32F10x_StdPeriph_Driver\src\gd32f10x_adc.c 0x00000000   Number         0  gd32f10x_adc.o ABSOLUTE
    ..\Libraries\GD32F10x_StdPeriph_Driver\src\gd32f10x_bkp.c 0x00000000   Number         0  gd32f10x_bkp.o ABSOLUTE
    ..\Libraries\GD32F10x_StdPeriph_Driver\src\gd32f10x_can.c 0x00000000   Number         0  gd32f10x_can.o ABSOLUTE
    ..\Libraries\GD32F10x_StdPeriph_Driver\src\gd32f10x_crc.c 0x00000000   Number         0  gd32f10x_crc.o ABSOLUTE
    ..\Libraries\GD32F10x_StdPeriph_Driver\src\gd32f10x_dac.c 0x00000000   Number         0  gd32f10x_dac.o ABSOLUTE
    ..\Libraries\GD32F10x_StdPeriph_Driver\src\gd32f10x_dma.c 0x00000000   Number         0  gd32f10x_dma.o ABSOLUTE
    ..\Libraries\GD32F10x_StdPeriph_Driver\src\gd32f10x_eth.c 0x00000000   Number         0  gd32f10x_eth.o ABSOLUTE
    ..\Libraries\GD32F10x_StdPeriph_Driver\src\gd32f10x_exmc.c 0x00000000   Number         0  gd32f10x_exmc.o ABSOLUTE
    ..\Libraries\GD32F10x_StdPeriph_Driver\src\gd32f10x_exti.c 0x00000000   Number         0  gd32f10x_exti.o ABSOLUTE
    ..\Libraries\GD32F10x_StdPeriph_Driver\src\gd32f10x_gpio.c 0x00000000   Number         0  gd32f10x_gpio.o ABSOLUTE
    ..\Libraries\GD32F10x_StdPeriph_Driver\src\gd32f10x_i2c.c 0x00000000   Number         0  gd32f10x_i2c.o ABSOLUTE
    ..\Libraries\GD32F10x_StdPeriph_Driver\src\gd32f10x_iwdg.c 0x00000000   Number         0  gd32f10x_iwdg.o ABSOLUTE
    ..\Libraries\GD32F10x_StdPeriph_Driver\src\gd32f10x_mcudbg.c 0x00000000   Number         0  gd32f10x_mcudbg.o ABSOLUTE
    ..\Libraries\GD32F10x_StdPeriph_Driver\src\gd32f10x_misc.c 0x00000000   Number         0  gd32f10x_misc.o ABSOLUTE
    ..\Libraries\GD32F10x_StdPeriph_Driver\src\gd32f10x_pwr.c 0x00000000   Number         0  gd32f10x_pwr.o ABSOLUTE
    ..\Libraries\GD32F10x_StdPeriph_Driver\src\gd32f10x_rcc.c 0x00000000   Number         0  gd32f10x_rcc.o ABSOLUTE
    ..\Libraries\GD32F10x_StdPeriph_Driver\src\gd32f10x_rtc.c 0x00000000   Number         0  gd32f10x_rtc.o ABSOLUTE
    ..\Libraries\GD32F10x_StdPeriph_Driver\src\gd32f10x_sdio.c 0x00000000   Number         0  gd32f10x_sdio.o ABSOLUTE
    ..\Libraries\GD32F10x_StdPeriph_Driver\src\gd32f10x_spi.c 0x00000000   Number         0  gd32f10x_spi.o ABSOLUTE
    ..\Libraries\GD32F10x_StdPeriph_Driver\src\gd32f10x_timer.c 0x00000000   Number         0  gd32f10x_timer.o ABSOLUTE
    ..\Libraries\GD32F10x_StdPeriph_Driver\src\gd32f10x_usart.c 0x00000000   Number         0  gd32f10x_usart.o ABSOLUTE
    ..\Libraries\GD32F10x_StdPeriph_Driver\src\gd32f10x_wwdg.c 0x00000000   Number         0  gd32f10x_wwdg.o ABSOLUTE
    ..\Libraries\StartUp\startup_gd32f10x_hd.s 0x00000000   Number         0  startup_gd32f10x_hd.o ABSOLUTE
    ..\User\src\gd32_it.c                    0x00000000   Number         0  gd32_it.o ABSOLUTE
    ..\User\src\main.c                       0x00000000   Number         0  main.o ABSOLUTE
    ..\User\src\sys.c                        0x00000000   Number         0  sys.o ABSOLUTE
    ..\\FreeRtos\\portable\\RVDS\\ARM_CM3\\port.c 0x00000000   Number         0  port.o ABSOLUTE
    ..\\Hardware\\src\\DMP.c                 0x00000000   Number         0  dmp.o ABSOLUTE
    ..\\Hardware\\src\\IIC.c                 0x00000000   Number         0  iic.o ABSOLUTE
    ..\\Hardware\\src\\MPU6050.c             0x00000000   Number         0  mpu6050.o ABSOLUTE
    ..\\Hardware\\src\\usart.c               0x00000000   Number         0  usart.o ABSOLUTE
    ..\\Libraries\\CMSIS\\system_gd32f10x.c  0x00000000   Number         0  system_gd32f10x.o ABSOLUTE
    ..\\Libraries\\GD32F10x_StdPeriph_Driver\\src\\gd32f10X_fmc.c 0x00000000   Number         0  gd32f10x_fmc.o ABSOLUTE
    ..\\Libraries\\GD32F10x_StdPeriph_Driver\\src\\gd32f10x_adc.c 0x00000000   Number         0  gd32f10x_adc.o ABSOLUTE
    ..\\Libraries\\GD32F10x_StdPeriph_Driver\\src\\gd32f10x_bkp.c 0x00000000   Number         0  gd32f10x_bkp.o ABSOLUTE
    ..\\Libraries\\GD32F10x_StdPeriph_Driver\\src\\gd32f10x_can.c 0x00000000   Number         0  gd32f10x_can.o ABSOLUTE
    ..\\Libraries\\GD32F10x_StdPeriph_Driver\\src\\gd32f10x_crc.c 0x00000000   Number         0  gd32f10x_crc.o ABSOLUTE
    ..\\Libraries\\GD32F10x_StdPeriph_Driver\\src\\gd32f10x_dac.c 0x00000000   Number         0  gd32f10x_dac.o ABSOLUTE
    ..\\Libraries\\GD32F10x_StdPeriph_Driver\\src\\gd32f10x_dma.c 0x00000000   Number         0  gd32f10x_dma.o ABSOLUTE
    ..\\Libraries\\GD32F10x_StdPeriph_Driver\\src\\gd32f10x_exmc.c 0x00000000   Number         0  gd32f10x_exmc.o ABSOLUTE
    ..\\Libraries\\GD32F10x_StdPeriph_Driver\\src\\gd32f10x_exti.c 0x00000000   Number         0  gd32f10x_exti.o ABSOLUTE
    ..\\Libraries\\GD32F10x_StdPeriph_Driver\\src\\gd32f10x_gpio.c 0x00000000   Number         0  gd32f10x_gpio.o ABSOLUTE
    ..\\Libraries\\GD32F10x_StdPeriph_Driver\\src\\gd32f10x_i2c.c 0x00000000   Number         0  gd32f10x_i2c.o ABSOLUTE
    ..\\Libraries\\GD32F10x_StdPeriph_Driver\\src\\gd32f10x_iwdg.c 0x00000000   Number         0  gd32f10x_iwdg.o ABSOLUTE
    ..\\Libraries\\GD32F10x_StdPeriph_Driver\\src\\gd32f10x_mcudbg.c 0x00000000   Number         0  gd32f10x_mcudbg.o ABSOLUTE
    ..\\Libraries\\GD32F10x_StdPeriph_Driver\\src\\gd32f10x_misc.c 0x00000000   Number         0  gd32f10x_misc.o ABSOLUTE
    ..\\Libraries\\GD32F10x_StdPeriph_Driver\\src\\gd32f10x_pwr.c 0x00000000   Number         0  gd32f10x_pwr.o ABSOLUTE
    ..\\Libraries\\GD32F10x_StdPeriph_Driver\\src\\gd32f10x_rcc.c 0x00000000   Number         0  gd32f10x_rcc.o ABSOLUTE
    ..\\Libraries\\GD32F10x_StdPeriph_Driver\\src\\gd32f10x_rtc.c 0x00000000   Number         0  gd32f10x_rtc.o ABSOLUTE
    ..\\Libraries\\GD32F10x_StdPeriph_Driver\\src\\gd32f10x_sdio.c 0x00000000   Number         0  gd32f10x_sdio.o ABSOLUTE
    ..\\Libraries\\GD32F10x_StdPeriph_Driver\\src\\gd32f10x_spi.c 0x00000000   Number         0  gd32f10x_spi.o ABSOLUTE
    ..\\Libraries\\GD32F10x_StdPeriph_Driver\\src\\gd32f10x_timer.c 0x00000000   Number         0  gd32f10x_timer.o ABSOLUTE
    ..\\Libraries\\GD32F10x_StdPeriph_Driver\\src\\gd32f10x_usart.c 0x00000000   Number         0  gd32f10x_usart.o ABSOLUTE
    ..\\Libraries\\GD32F10x_StdPeriph_Driver\\src\\gd32f10x_wwdg.c 0x00000000   Number         0  gd32f10x_wwdg.o ABSOLUTE
    ..\\User\\src\\main.c                    0x00000000   Number         0  main.o ABSOLUTE
    ..\\User\\src\\sys.c                     0x00000000   Number         0  sys.o ABSOLUTE
    cdcmple.s                                0x00000000   Number         0  cdcmple.o ABSOLUTE
    cdrcmple.s                               0x00000000   Number         0  cdrcmple.o ABSOLUTE
    dc.s                                     0x00000000   Number         0  dc.o ABSOLUTE
    handlers.s                               0x00000000   Number         0  handlers.o ABSOLUTE
    init.s                                   0x00000000   Number         0  init.o ABSOLUTE
    RESET                                    0x08000000   Section      304  startup_gd32f10x_hd.o(RESET)
    .ARM.Collect$$$$00000000                 0x08000130   Section        0  entry.o(.ARM.Collect$$$$00000000)
    .ARM.Collect$$$$00000001                 0x08000130   Section        4  entry2.o(.ARM.Collect$$$$00000001)
    .ARM.Collect$$$$00000004                 0x08000134   Section        4  entry5.o(.ARM.Collect$$$$00000004)
    .ARM.Collect$$$$00000008                 0x08000138   Section        0  entry7b.o(.ARM.Collect$$$$00000008)
    .ARM.Collect$$$$0000000A                 0x08000138   Section        0  entry8b.o(.ARM.Collect$$$$0000000A)
    .ARM.Collect$$$$0000000B                 0x08000138   Section        8  entry9a.o(.ARM.Collect$$$$0000000B)
    .ARM.Collect$$$$0000000D                 0x08000140   Section        0  entry10a.o(.ARM.Collect$$$$0000000D)
    .ARM.Collect$$$$0000000F                 0x08000140   Section        0  entry11a.o(.ARM.Collect$$$$0000000F)
    .ARM.Collect$$$$00002712                 0x08000140   Section        4  entry2.o(.ARM.Collect$$$$00002712)
    __lit__00000000                          0x08000140   Data           4  entry2.o(.ARM.Collect$$$$00002712)
    .emb_text                                0x08000144   Section      150  port.o(.emb_text)
    .text                                    0x080001dc   Section       28  startup_gd32f10x_hd.o(.text)
    .text                                    0x080001f8   Section        0  memcpya.o(.text)
    .text                                    0x0800021c   Section       36  init.o(.text)
    i.DMA1_Channel4_IRQHandler               0x08000240   Section        0  usart.o(i.DMA1_Channel4_IRQHandler)
    i.DMA_ClearBitState                      0x0800025c   Section        0  gd32f10x_dma.o(i.DMA_ClearBitState)
    i.DMA_DeInit                             0x08000274   Section        0  gd32f10x_dma.o(i.DMA_DeInit)
    i.DMA_Enable                             0x08000358   Section        0  gd32f10x_dma.o(i.DMA_Enable)
    i.DMA_INTConfig                          0x0800036e   Section        0  gd32f10x_dma.o(i.DMA_INTConfig)
    i.DMA_Init                               0x0800037e   Section        0  gd32f10x_dma.o(i.DMA_Init)
    i.EXTI0_IRQHandler                       0x080003b8   Section        0  gd32_it.o(i.EXTI0_IRQHandler)
    i.EXTI15_10_IRQHandler                   0x080003ba   Section        0  gd32_it.o(i.EXTI15_10_IRQHandler)
    i.GPIO_Init                              0x080003bc   Section        0  gd32f10x_gpio.o(i.GPIO_Init)
    i.GPIO_PinRemapConfig                    0x08000458   Section        0  gd32f10x_gpio.o(i.GPIO_PinRemapConfig)
    i.HardFault_Handler                      0x080004b0   Section        0  gd32_it.o(i.HardFault_Handler)
    i.NMI_Handler                            0x080004b2   Section        0  gd32_it.o(i.NMI_Handler)
    i.NVIC_Init                              0x080004b4   Section        0  gd32f10x_misc.o(i.NVIC_Init)
    i.NVIC_PRIGroup_Enable                   0x08000564   Section        0  gd32f10x_misc.o(i.NVIC_PRIGroup_Enable)
    i.PendSV_Handler                         0x08000578   Section        0  gd32_it.o(i.PendSV_Handler)
    i.RCC_AHBConfig                          0x0800057c   Section        0  gd32f10x_rcc.o(i.RCC_AHBConfig)
    i.RCC_AHBPeriphClock_Enable              0x08000590   Section        0  gd32f10x_rcc.o(i.RCC_AHBPeriphClock_Enable)
    i.RCC_APB1Config                         0x080005a8   Section        0  gd32f10x_rcc.o(i.RCC_APB1Config)
    i.RCC_APB1PeriphClock_Enable             0x080005bc   Section        0  gd32f10x_rcc.o(i.RCC_APB1PeriphClock_Enable)
    i.RCC_APB1PeriphReset_Enable             0x080005d4   Section        0  gd32f10x_rcc.o(i.RCC_APB1PeriphReset_Enable)
    i.RCC_APB2Config                         0x080005ec   Section        0  gd32f10x_rcc.o(i.RCC_APB2Config)
    i.RCC_APB2PeriphClock_Enable             0x08000600   Section        0  gd32f10x_rcc.o(i.RCC_APB2PeriphClock_Enable)
    i.RCC_APB2PeriphReset_Enable             0x08000618   Section        0  gd32f10x_rcc.o(i.RCC_APB2PeriphReset_Enable)
    i.RCC_CK_SYSConfig                       0x08000630   Section        0  gd32f10x_rcc.o(i.RCC_CK_SYSConfig)
    i.RCC_DeInit                             0x08000644   Section        0  gd32f10x_rcc.o(i.RCC_DeInit)
    i.RCC_GetBitState                        0x08000688   Section        0  gd32f10x_rcc.o(i.RCC_GetBitState)
    i.RCC_GetCK_SYSSource                    0x080006b8   Section        0  gd32f10x_rcc.o(i.RCC_GetCK_SYSSource)
    i.RCC_GetClocksFreq                      0x080006c8   Section        0  gd32f10x_rcc.o(i.RCC_GetClocksFreq)
    i.RCC_HSI_Enable                         0x08000794   Section        0  gd32f10x_rcc.o(i.RCC_HSI_Enable)
    i.RCC_PLLConfig                          0x080007b0   Section        0  gd32f10x_rcc.o(i.RCC_PLLConfig)
    i.RCC_PLL_Enable                         0x080007cc   Section        0  gd32f10x_rcc.o(i.RCC_PLL_Enable)
    i.SVC_Handler                            0x080007e8   Section        0  gd32_it.o(i.SVC_Handler)
    i.SysInit                                0x080007ec   Section        0  sys.o(i.SysInit)
    i.SysTick_Handler                        0x08000802   Section        0  gd32_it.o(i.SysTick_Handler)
    i.SysTick_Init                           0x08000808   Section        0  sys.o(i.SysTick_Init)
    i.System_Clock_Init                      0x08000838   Section        0  sys.o(i.System_Clock_Init)
    i.USART1_IRQHandler                      0x080008a8   Section        0  usart.o(i.USART1_IRQHandler)
    i.USART_DMA_Enable                       0x080008aa   Section        0  gd32f10x_usart.o(i.USART_DMA_Enable)
    i.USART_DeInit                           0x080008bc   Section        0  gd32f10x_usart.o(i.USART_DeInit)
    i.USART_Enable                           0x08000930   Section        0  gd32f10x_usart.o(i.USART_Enable)
    i.USART_Init                             0x08000944   Section        0  gd32f10x_usart.o(i.USART_Init)
    i.USB_LP_CAN1_RX0_IRQHandler             0x080009b4   Section        0  gd32_it.o(i.USB_LP_CAN1_RX0_IRQHandler)
    i.__scatterload_copy                     0x080009b6   Section       14  handlers.o(i.__scatterload_copy)
    i.__scatterload_null                     0x080009c4   Section        2  handlers.o(i.__scatterload_null)
    i.__scatterload_zeroinit                 0x080009c6   Section       14  handlers.o(i.__scatterload_zeroinit)
    i.main                                   0x080009d4   Section        0  main.o(i.main)
    i.prvAddCurrentTaskToDelayedList         0x080009e4   Section        0  tasks.o(i.prvAddCurrentTaskToDelayedList)
    prvAddCurrentTaskToDelayedList           0x080009e5   Thumb Code   102  tasks.o(i.prvAddCurrentTaskToDelayedList)
    i.prvAddNewTaskToReadyList               0x08000a54   Section        0  tasks.o(i.prvAddNewTaskToReadyList)
    prvAddNewTaskToReadyList                 0x08000a55   Thumb Code   194  tasks.o(i.prvAddNewTaskToReadyList)
    i.prvCheckForValidListAndQueue           0x08000b24   Section        0  timers.o(i.prvCheckForValidListAndQueue)
    prvCheckForValidListAndQueue             0x08000b25   Thumb Code    54  timers.o(i.prvCheckForValidListAndQueue)
    i.prvCheckTasksWaitingTermination        0x08000b64   Section        0  tasks.o(i.prvCheckTasksWaitingTermination)
    prvCheckTasksWaitingTermination          0x08000b65   Thumb Code    74  tasks.o(i.prvCheckTasksWaitingTermination)
    i.prvCopyDataFromQueue                   0x08000bb8   Section        0  queue.o(i.prvCopyDataFromQueue)
    prvCopyDataFromQueue                     0x08000bb9   Thumb Code    38  queue.o(i.prvCopyDataFromQueue)
    i.prvCopyDataToQueue                     0x08000bde   Section        0  queue.o(i.prvCopyDataToQueue)
    prvCopyDataToQueue                       0x08000bdf   Thumb Code    90  queue.o(i.prvCopyDataToQueue)
    i.prvDeleteTCB                           0x08000c38   Section        0  tasks.o(i.prvDeleteTCB)
    prvDeleteTCB                             0x08000c39   Thumb Code    20  tasks.o(i.prvDeleteTCB)
    i.prvHeapInit                            0x08000c4c   Section        0  heap_4.o(i.prvHeapInit)
    prvHeapInit                              0x08000c4d   Thumb Code    66  heap_4.o(i.prvHeapInit)
    i.prvIdleTask                            0x08000c98   Section        0  tasks.o(i.prvIdleTask)
    prvIdleTask                              0x08000c99   Thumb Code    30  tasks.o(i.prvIdleTask)
    i.prvInitialiseNewTask                   0x08000cc0   Section        0  tasks.o(i.prvInitialiseNewTask)
    prvInitialiseNewTask                     0x08000cc1   Thumb Code   120  tasks.o(i.prvInitialiseNewTask)
    i.prvInsertBlockIntoFreeList             0x08000d38   Section        0  heap_4.o(i.prvInsertBlockIntoFreeList)
    prvInsertBlockIntoFreeList               0x08000d39   Thumb Code    72  heap_4.o(i.prvInsertBlockIntoFreeList)
    i.prvInsertTimerInActiveList             0x08000d84   Section        0  timers.o(i.prvInsertTimerInActiveList)
    prvInsertTimerInActiveList               0x08000d85   Thumb Code    52  timers.o(i.prvInsertTimerInActiveList)
    i.prvIsQueueEmpty                        0x08000dbc   Section        0  queue.o(i.prvIsQueueEmpty)
    prvIsQueueEmpty                          0x08000dbd   Thumb Code    26  queue.o(i.prvIsQueueEmpty)
    i.prvProcessReceivedCommands             0x08000dd8   Section        0  timers.o(i.prvProcessReceivedCommands)
    prvProcessReceivedCommands               0x08000dd9   Thumb Code   146  timers.o(i.prvProcessReceivedCommands)
    i.prvProcessTimerOrBlockTask             0x08000e70   Section        0  timers.o(i.prvProcessTimerOrBlockTask)
    prvProcessTimerOrBlockTask               0x08000e71   Thumb Code   154  timers.o(i.prvProcessTimerOrBlockTask)
    i.prvResetNextTaskUnblockTime            0x08000f14   Section        0  tasks.o(i.prvResetNextTaskUnblockTime)
    prvResetNextTaskUnblockTime              0x08000f15   Thumb Code    26  tasks.o(i.prvResetNextTaskUnblockTime)
    i.prvSampleTimeNow                       0x08000f34   Section        0  timers.o(i.prvSampleTimeNow)
    prvSampleTimeNow                         0x08000f35   Thumb Code    36  timers.o(i.prvSampleTimeNow)
    i.prvSwitchTimerLists                    0x08000f5c   Section        0  timers.o(i.prvSwitchTimerLists)
    prvSwitchTimerLists                      0x08000f5d   Thumb Code    84  timers.o(i.prvSwitchTimerLists)
    i.prvTaskExitError                       0x08000fb4   Section        0  port.o(i.prvTaskExitError)
    prvTaskExitError                         0x08000fb5   Thumb Code    16  port.o(i.prvTaskExitError)
    i.prvTimerTask                           0x08000fc4   Section        0  timers.o(i.prvTimerTask)
    prvTimerTask                             0x08000fc5   Thumb Code    34  timers.o(i.prvTimerTask)
    i.prvUnlockQueue                         0x08000fec   Section        0  queue.o(i.prvUnlockQueue)
    prvUnlockQueue                           0x08000fed   Thumb Code   106  queue.o(i.prvUnlockQueue)
    i.pvPortMalloc                           0x08001058   Section        0  heap_4.o(i.pvPortMalloc)
    i.pxPortInitialiseStack                  0x080010f0   Section        0  port.o(i.pxPortInitialiseStack)
    i.uart_dma_init                          0x08001114   Section        0  usart.o(i.uart_dma_init)
    i.uart_init                              0x08001198   Section        0  usart.o(i.uart_init)
    i.uxListRemove                           0x08001270   Section        0  list.o(i.uxListRemove)
    i.vListInitialise                        0x08001294   Section        0  list.o(i.vListInitialise)
    i.vListInitialiseItem                    0x080012aa   Section        0  list.o(i.vListInitialiseItem)
    i.vListInsert                            0x080012b0   Section        0  list.o(i.vListInsert)
    i.vListInsertEnd                         0x080012e0   Section        0  list.o(i.vListInsertEnd)
    i.vPortEnterCritical                     0x080012f8   Section        0  port.o(i.vPortEnterCritical)
    i.vPortExitCritical                      0x08001314   Section        0  port.o(i.vPortExitCritical)
    i.vPortFree                              0x08001328   Section        0  heap_4.o(i.vPortFree)
    i.vPortSetupTimerInterrupt               0x08001368   Section        0  port.o(i.vPortSetupTimerInterrupt)
    i.vQueueWaitForMessageRestricted         0x08001378   Section        0  queue.o(i.vQueueWaitForMessageRestricted)
    i.vTaskMissedYield                       0x080013bc   Section        0  tasks.o(i.vTaskMissedYield)
    i.vTaskPlaceOnEventList                  0x080013c8   Section        0  tasks.o(i.vTaskPlaceOnEventList)
    i.vTaskPlaceOnEventListRestricted        0x080013ec   Section        0  tasks.o(i.vTaskPlaceOnEventListRestricted)
    i.vTaskSetTimeOutState                   0x08001418   Section        0  tasks.o(i.vTaskSetTimeOutState)
    i.vTaskStartScheduler                    0x08001428   Section        0  tasks.o(i.vTaskStartScheduler)
    i.vTaskSuspendAll                        0x08001484   Section        0  tasks.o(i.vTaskSuspendAll)
    i.vTaskSwitchContext                     0x08001494   Section        0  tasks.o(i.vTaskSwitchContext)
    i.xPortStartScheduler                    0x080014d8   Section        0  port.o(i.xPortStartScheduler)
    i.xPortSysTickHandler                    0x08001508   Section        0  port.o(i.xPortSysTickHandler)
    i.xQueueGenericCreate                    0x08001534   Section        0  queue.o(i.xQueueGenericCreate)
    i.xQueueGenericReceive                   0x0800156c   Section        0  queue.o(i.xQueueGenericReceive)
    i.xQueueGenericReset                     0x08001674   Section        0  queue.o(i.xQueueGenericReset)
    i.xQueueGenericSend                      0x080016e8   Section        0  queue.o(i.xQueueGenericSend)
    i.xQueueGenericSendFromISR               0x080017e8   Section        0  queue.o(i.xQueueGenericSendFromISR)
    i.xTaskCheckForTimeOut                   0x08001850   Section        0  tasks.o(i.xTaskCheckForTimeOut)
    i.xTaskCreate                            0x08001898   Section        0  tasks.o(i.xTaskCreate)
    i.xTaskGetSchedulerState                 0x080018f0   Section        0  tasks.o(i.xTaskGetSchedulerState)
    i.xTaskGetTickCount                      0x0800190c   Section        0  tasks.o(i.xTaskGetTickCount)
    i.xTaskIncrementTick                     0x08001918   Section        0  tasks.o(i.xTaskIncrementTick)
    i.xTaskRemoveFromEventList               0x080019cc   Section        0  tasks.o(i.xTaskRemoveFromEventList)
    i.xTaskResumeAll                         0x08001a30   Section        0  tasks.o(i.xTaskResumeAll)
    i.xTimerCreateTimerTask                  0x08001ae0   Section        0  timers.o(i.xTimerCreateTimerTask)
    i.xTimerGenericCommand                   0x08001b1c   Section        0  timers.o(i.xTimerGenericCommand)
    .data                                    0x20000000   Section        8  usart.o(.data)
    UartSendBuff                             0x20000004   Data           4  usart.o(.data)
    .data                                    0x20000008   Section       24  gd32f10x_rcc.o(.data)
    APBPrescTable                            0x20000008   Data           8  gd32f10x_rcc.o(.data)
    AHBPrescTable                            0x20000010   Data          16  gd32f10x_rcc.o(.data)
    .data                                    0x20000020   Section       20  system_gd32f10x.o(.data)
    .data                                    0x20000034   Section       60  tasks.o(.data)
    uxDeletedTasksWaitingCleanUp             0x20000038   Data           4  tasks.o(.data)
    uxCurrentNumberOfTasks                   0x2000003c   Data           4  tasks.o(.data)
    xTickCount                               0x20000040   Data           4  tasks.o(.data)
    uxTopReadyPriority                       0x20000044   Data           4  tasks.o(.data)
    xSchedulerRunning                        0x20000048   Data           4  tasks.o(.data)
    uxPendedTicks                            0x2000004c   Data           4  tasks.o(.data)
    xYieldPending                            0x20000050   Data           4  tasks.o(.data)
    xNumOfOverflows                          0x20000054   Data           4  tasks.o(.data)
    uxTaskNumber                             0x20000058   Data           4  tasks.o(.data)
    xNextTaskUnblockTime                     0x2000005c   Data           4  tasks.o(.data)
    xIdleTaskHandle                          0x20000060   Data           4  tasks.o(.data)
    uxSchedulerSuspended                     0x20000064   Data           4  tasks.o(.data)
    pxDelayedTaskList                        0x20000068   Data           4  tasks.o(.data)
    pxOverflowDelayedTaskList                0x2000006c   Data           4  tasks.o(.data)
    .data                                    0x20000070   Section       20  timers.o(.data)
    xTimerQueue                              0x20000070   Data           4  timers.o(.data)
    xTimerTaskHandle                         0x20000074   Data           4  timers.o(.data)
    xLastTime                                0x20000078   Data           4  timers.o(.data)
    pxCurrentTimerList                       0x2000007c   Data           4  timers.o(.data)
    pxOverflowTimerList                      0x20000080   Data           4  timers.o(.data)
    .data                                    0x20000084   Section        4  port.o(.data)
    uxCriticalNesting                        0x20000084   Data           4  port.o(.data)
    .data                                    0x20000088   Section       24  heap_4.o(.data)
    pxEnd                                    0x20000088   Data           4  heap_4.o(.data)
    xFreeBytesRemaining                      0x2000008c   Data           4  heap_4.o(.data)
    xMinimumEverFreeBytesRemaining           0x20000090   Data           4  heap_4.o(.data)
    xBlockAllocatedBit                       0x20000094   Data           4  heap_4.o(.data)
    xStart                                   0x20000098   Data           8  heap_4.o(.data)
    .bss                                     0x200000a0   Section      200  tasks.o(.bss)
    pxReadyTasksLists                        0x200000a0   Data         100  tasks.o(.bss)
    xDelayedTaskList1                        0x20000104   Data          20  tasks.o(.bss)
    xDelayedTaskList2                        0x20000118   Data          20  tasks.o(.bss)
    xPendingReadyList                        0x2000012c   Data          20  tasks.o(.bss)
    xTasksWaitingTermination                 0x20000140   Data          20  tasks.o(.bss)
    xSuspendedTaskList                       0x20000154   Data          20  tasks.o(.bss)
    .bss                                     0x20000168   Section       40  timers.o(.bss)
    xActiveTimerList1                        0x20000168   Data          20  timers.o(.bss)
    xActiveTimerList2                        0x2000017c   Data          20  timers.o(.bss)
    .bss                                     0x20000190   Section    14336  heap_4.o(.bss)
    ucHeap                                   0x20000190   Data       14336  heap_4.o(.bss)
    STACK                                    0x20003990   Section     2048  startup_gd32f10x_hd.o(STACK)

    Global Symbols

    Symbol Name                              Value     Ov Type        Size  Object(Section)

    BuildAttributes$$THM_ISAv4$P$D$K$B$S$PE$A:L22UL41UL21$X:L11$S22US41US21$IEEE1$IW$USESV6$~STKCKD$USESV7$~SHL$OTIME$ROPI$IEEEX$EBA8$MICROLIB$REQ8$PRES8$EABIv2 0x00000000   Number         0  anon$$obj.o ABSOLUTE
    __ARM_use_no_argv                        0x00000000   Number         0  main.o ABSOLUTE
    __cpp_initialize__aeabi_                  - Undefined Weak Reference
    __cxa_finalize                            - Undefined Weak Reference
    __decompress                              - Undefined Weak Reference
    _clock_init                               - Undefined Weak Reference
    _microlib_exit                            - Undefined Weak Reference
    __Vectors_Size                           0x00000130   Number         0  startup_gd32f10x_hd.o ABSOLUTE
    __Vectors                                0x08000000   Data           4  startup_gd32f10x_hd.o(RESET)
    __Vectors_End                            0x08000130   Data           0  startup_gd32f10x_hd.o(RESET)
    __main                                   0x08000131   Thumb Code     0  entry.o(.ARM.Collect$$$$00000000)
    _main_stk                                0x08000131   Thumb Code     0  entry2.o(.ARM.Collect$$$$00000001)
    _main_scatterload                        0x08000135   Thumb Code     0  entry5.o(.ARM.Collect$$$$00000004)
    __main_after_scatterload                 0x08000139   Thumb Code     0  entry5.o(.ARM.Collect$$$$00000004)
    _main_clock                              0x08000139   Thumb Code     0  entry7b.o(.ARM.Collect$$$$00000008)
    _main_cpp_init                           0x08000139   Thumb Code     0  entry8b.o(.ARM.Collect$$$$0000000A)
    _main_init                               0x08000139   Thumb Code     0  entry9a.o(.ARM.Collect$$$$0000000B)
    __rt_final_cpp                           0x08000141   Thumb Code     0  entry10a.o(.ARM.Collect$$$$0000000D)
    __rt_final_exit                          0x08000141   Thumb Code     0  entry11a.o(.ARM.Collect$$$$0000000F)
    vPortSVCHandler                          0x08000145   Thumb Code    32  port.o(.emb_text)
    __asm___6_port_c_39a90d8d__prvStartFirstTask 0x08000169   Thumb Code    28  port.o(.emb_text)
    xPortPendSVHandler                       0x08000189   Thumb Code    72  port.o(.emb_text)
    vPortGetIPSR                             0x080001d5   Thumb Code     6  port.o(.emb_text)
    Reset_Handler                            0x080001dd   Thumb Code     4  startup_gd32f10x_hd.o(.text)
    MemManage_Handler                        0x080001e5   Thumb Code     2  startup_gd32f10x_hd.o(.text)
    BusFault_Handler                         0x080001e7   Thumb Code     2  startup_gd32f10x_hd.o(.text)
    UsageFault_Handler                       0x080001e9   Thumb Code     2  startup_gd32f10x_hd.o(.text)
    DebugMon_Handler                         0x080001ed   Thumb Code     2  startup_gd32f10x_hd.o(.text)
    ADC1_2_IRQHandler                        0x080001f3   Thumb Code     0  startup_gd32f10x_hd.o(.text)
    ADC3_IRQHandler                          0x080001f3   Thumb Code     0  startup_gd32f10x_hd.o(.text)
    CAN1_RX1_IRQHandler                      0x080001f3   Thumb Code     0  startup_gd32f10x_hd.o(.text)
    CAN1_SCE_IRQHandler                      0x080001f3   Thumb Code     0  startup_gd32f10x_hd.o(.text)
    DMA1_Channel1_IRQHandler                 0x080001f3   Thumb Code     0  startup_gd32f10x_hd.o(.text)
    DMA1_Channel2_IRQHandler                 0x080001f3   Thumb Code     0  startup_gd32f10x_hd.o(.text)
    DMA1_Channel3_IRQHandler                 0x080001f3   Thumb Code     0  startup_gd32f10x_hd.o(.text)
    DMA1_Channel5_IRQHandler                 0x080001f3   Thumb Code     0  startup_gd32f10x_hd.o(.text)
    DMA1_Channel6_IRQHandler                 0x080001f3   Thumb Code     0  startup_gd32f10x_hd.o(.text)
    DMA1_Channel7_IRQHandler                 0x080001f3   Thumb Code     0  startup_gd32f10x_hd.o(.text)
    DMA2_Channel1_IRQHandler                 0x080001f3   Thumb Code     0  startup_gd32f10x_hd.o(.text)
    DMA2_Channel2_IRQHandler                 0x080001f3   Thumb Code     0  startup_gd32f10x_hd.o(.text)
    DMA2_Channel3_IRQHandler                 0x080001f3   Thumb Code     0  startup_gd32f10x_hd.o(.text)
    DMA2_Channel4_5_IRQHandler               0x080001f3   Thumb Code     0  startup_gd32f10x_hd.o(.text)
    EXMC_IRQHandler                          0x080001f3   Thumb Code     0  startup_gd32f10x_hd.o(.text)
    EXTI1_IRQHandler                         0x080001f3   Thumb Code     0  startup_gd32f10x_hd.o(.text)
    EXTI2_IRQHandler                         0x080001f3   Thumb Code     0  startup_gd32f10x_hd.o(.text)
    EXTI3_IRQHandler                         0x080001f3   Thumb Code     0  startup_gd32f10x_hd.o(.text)
    EXTI4_IRQHandler                         0x080001f3   Thumb Code     0  startup_gd32f10x_hd.o(.text)
    EXTI9_5_IRQHandler                       0x080001f3   Thumb Code     0  startup_gd32f10x_hd.o(.text)
    FMC_IRQHandler                           0x080001f3   Thumb Code     0  startup_gd32f10x_hd.o(.text)
    I2C1_ER_IRQHandler                       0x080001f3   Thumb Code     0  startup_gd32f10x_hd.o(.text)
    I2C1_EV_IRQHandler                       0x080001f3   Thumb Code     0  startup_gd32f10x_hd.o(.text)
    I2C2_ER_IRQHandler                       0x080001f3   Thumb Code     0  startup_gd32f10x_hd.o(.text)
    I2C2_EV_IRQHandler                       0x080001f3   Thumb Code     0  startup_gd32f10x_hd.o(.text)
    LVD_IRQHandler                           0x080001f3   Thumb Code     0  startup_gd32f10x_hd.o(.text)
    RCC_IRQHandler                           0x080001f3   Thumb Code     0  startup_gd32f10x_hd.o(.text)
    RTCAlarm_IRQHandler                      0x080001f3   Thumb Code     0  startup_gd32f10x_hd.o(.text)
    RTC_IRQHandler                           0x080001f3   Thumb Code     0  startup_gd32f10x_hd.o(.text)
    SDIO_IRQHandler                          0x080001f3   Thumb Code     0  startup_gd32f10x_hd.o(.text)
    SPI1_IRQHandler                          0x080001f3   Thumb Code     0  startup_gd32f10x_hd.o(.text)
    SPI2_IRQHandler                          0x080001f3   Thumb Code     0  startup_gd32f10x_hd.o(.text)
    SPI3_IRQHandler                          0x080001f3   Thumb Code     0  startup_gd32f10x_hd.o(.text)
    TAMPER_IRQHandler                        0x080001f3   Thumb Code     0  startup_gd32f10x_hd.o(.text)
    TIMER1_BRK_IRQHandler                    0x080001f3   Thumb Code     0  startup_gd32f10x_hd.o(.text)
    TIMER1_CC_IRQHandler                     0x080001f3   Thumb Code     0  startup_gd32f10x_hd.o(.text)
    TIMER1_TRG_COM_IRQHandler                0x080001f3   Thumb Code     0  startup_gd32f10x_hd.o(.text)
    TIMER1_UP_IRQHandler                     0x080001f3   Thumb Code     0  startup_gd32f10x_hd.o(.text)
    TIMER2_IRQHandler                        0x080001f3   Thumb Code     0  startup_gd32f10x_hd.o(.text)
    TIMER3_IRQHandler                        0x080001f3   Thumb Code     0  startup_gd32f10x_hd.o(.text)
    TIMER4_IRQHandler                        0x080001f3   Thumb Code     0  startup_gd32f10x_hd.o(.text)
    TIMER5_IRQHandler                        0x080001f3   Thumb Code     0  startup_gd32f10x_hd.o(.text)
    TIMER6_IRQHandler                        0x080001f3   Thumb Code     0  startup_gd32f10x_hd.o(.text)
    TIMER7_IRQHandler                        0x080001f3   Thumb Code     0  startup_gd32f10x_hd.o(.text)
    TIMER8_BRK_IRQHandler                    0x080001f3   Thumb Code     0  startup_gd32f10x_hd.o(.text)
    TIMER8_CC_IRQHandler                     0x080001f3   Thumb Code     0  startup_gd32f10x_hd.o(.text)
    TIMER8_TRG_COM_IRQHandler                0x080001f3   Thumb Code     0  startup_gd32f10x_hd.o(.text)
    TIMER8_UP_IRQHandler                     0x080001f3   Thumb Code     0  startup_gd32f10x_hd.o(.text)
    UART4_IRQHandler                         0x080001f3   Thumb Code     0  startup_gd32f10x_hd.o(.text)
    UART5_IRQHandler                         0x080001f3   Thumb Code     0  startup_gd32f10x_hd.o(.text)
    USART2_IRQHandler                        0x080001f3   Thumb Code     0  startup_gd32f10x_hd.o(.text)
    USART3_IRQHandler                        0x080001f3   Thumb Code     0  startup_gd32f10x_hd.o(.text)
    USBWakeUp_IRQHandler                     0x080001f3   Thumb Code     0  startup_gd32f10x_hd.o(.text)
    USB_HP_CAN1_TX_IRQHandler                0x080001f3   Thumb Code     0  startup_gd32f10x_hd.o(.text)
    WWDG_IRQHandler                          0x080001f3   Thumb Code     0  startup_gd32f10x_hd.o(.text)
    __aeabi_memcpy                           0x080001f9   Thumb Code    36  memcpya.o(.text)
    __aeabi_memcpy4                          0x080001f9   Thumb Code     0  memcpya.o(.text)
    __aeabi_memcpy8                          0x080001f9   Thumb Code     0  memcpya.o(.text)
    __scatterload                            0x0800021d   Thumb Code    28  init.o(.text)
    __scatterload_rt2                        0x0800021d   Thumb Code     0  init.o(.text)
    DMA1_Channel4_IRQHandler                 0x08000241   Thumb Code    22  usart.o(i.DMA1_Channel4_IRQHandler)
    DMA_ClearBitState                        0x0800025d   Thumb Code    16  gd32f10x_dma.o(i.DMA_ClearBitState)
    DMA_DeInit                               0x08000275   Thumb Code   218  gd32f10x_dma.o(i.DMA_DeInit)
    DMA_Enable                               0x08000359   Thumb Code    22  gd32f10x_dma.o(i.DMA_Enable)
    DMA_INTConfig                            0x0800036f   Thumb Code    16  gd32f10x_dma.o(i.DMA_INTConfig)
    DMA_Init                                 0x0800037f   Thumb Code    58  gd32f10x_dma.o(i.DMA_Init)
    EXTI0_IRQHandler                         0x080003b9   Thumb Code     2  gd32_it.o(i.EXTI0_IRQHandler)
    EXTI15_10_IRQHandler                     0x080003bb   Thumb Code     2  gd32_it.o(i.EXTI15_10_IRQHandler)
    GPIO_Init                                0x080003bd   Thumb Code   156  gd32f10x_gpio.o(i.GPIO_Init)
    GPIO_PinRemapConfig                      0x08000459   Thumb Code    82  gd32f10x_gpio.o(i.GPIO_PinRemapConfig)
    HardFault_Handler                        0x080004b1   Thumb Code     2  gd32_it.o(i.HardFault_Handler)
    NMI_Handler                              0x080004b3   Thumb Code     2  gd32_it.o(i.NMI_Handler)
    NVIC_Init                                0x080004b5   Thumb Code   170  gd32f10x_misc.o(i.NVIC_Init)
    NVIC_PRIGroup_Enable                     0x08000565   Thumb Code    10  gd32f10x_misc.o(i.NVIC_PRIGroup_Enable)
    PendSV_Handler                           0x08000579   Thumb Code     4  gd32_it.o(i.PendSV_Handler)
    RCC_AHBConfig                            0x0800057d   Thumb Code    14  gd32f10x_rcc.o(i.RCC_AHBConfig)
    RCC_AHBPeriphClock_Enable                0x08000591   Thumb Code    18  gd32f10x_rcc.o(i.RCC_AHBPeriphClock_Enable)
    RCC_APB1Config                           0x080005a9   Thumb Code    14  gd32f10x_rcc.o(i.RCC_APB1Config)
    RCC_APB1PeriphClock_Enable               0x080005bd   Thumb Code    18  gd32f10x_rcc.o(i.RCC_APB1PeriphClock_Enable)
    RCC_APB1PeriphReset_Enable               0x080005d5   Thumb Code    18  gd32f10x_rcc.o(i.RCC_APB1PeriphReset_Enable)
    RCC_APB2Config                           0x080005ed   Thumb Code    14  gd32f10x_rcc.o(i.RCC_APB2Config)
    RCC_APB2PeriphClock_Enable               0x08000601   Thumb Code    18  gd32f10x_rcc.o(i.RCC_APB2PeriphClock_Enable)
    RCC_APB2PeriphReset_Enable               0x08000619   Thumb Code    18  gd32f10x_rcc.o(i.RCC_APB2PeriphReset_Enable)
    RCC_CK_SYSConfig                         0x08000631   Thumb Code    14  gd32f10x_rcc.o(i.RCC_CK_SYSConfig)
    RCC_DeInit                               0x08000645   Thumb Code    50  gd32f10x_rcc.o(i.RCC_DeInit)
    RCC_GetBitState                          0x08000689   Thumb Code    42  gd32f10x_rcc.o(i.RCC_GetBitState)
    RCC_GetCK_SYSSource                      0x080006b9   Thumb Code    10  gd32f10x_rcc.o(i.RCC_GetCK_SYSSource)
    RCC_GetClocksFreq                        0x080006c9   Thumb Code   186  gd32f10x_rcc.o(i.RCC_GetClocksFreq)
    RCC_HSI_Enable                           0x08000795   Thumb Code    22  gd32f10x_rcc.o(i.RCC_HSI_Enable)
    RCC_PLLConfig                            0x080007b1   Thumb Code    18  gd32f10x_rcc.o(i.RCC_PLLConfig)
    RCC_PLL_Enable                           0x080007cd   Thumb Code    22  gd32f10x_rcc.o(i.RCC_PLL_Enable)
    SVC_Handler                              0x080007e9   Thumb Code     4  gd32_it.o(i.SVC_Handler)
    SysInit                                  0x080007ed   Thumb Code    22  sys.o(i.SysInit)
    SysTick_Handler                          0x08000803   Thumb Code     4  gd32_it.o(i.SysTick_Handler)
    SysTick_Init                             0x08000809   Thumb Code    44  sys.o(i.SysTick_Init)
    System_Clock_Init                        0x08000839   Thumb Code   112  sys.o(i.System_Clock_Init)
    USART1_IRQHandler                        0x080008a9   Thumb Code     2  usart.o(i.USART1_IRQHandler)
    USART_DMA_Enable                         0x080008ab   Thumb Code    16  gd32f10x_usart.o(i.USART_DMA_Enable)
    USART_DeInit                             0x080008bd   Thumb Code    96  gd32f10x_usart.o(i.USART_DeInit)
    USART_Enable                             0x08000931   Thumb Code    20  gd32f10x_usart.o(i.USART_Enable)
    USART_Init                               0x08000945   Thumb Code   108  gd32f10x_usart.o(i.USART_Init)
    USB_LP_CAN1_RX0_IRQHandler               0x080009b5   Thumb Code     2  gd32_it.o(i.USB_LP_CAN1_RX0_IRQHandler)
    __scatterload_copy                       0x080009b7   Thumb Code    14  handlers.o(i.__scatterload_copy)
    __scatterload_null                       0x080009c5   Thumb Code     2  handlers.o(i.__scatterload_null)
    __scatterload_zeroinit                   0x080009c7   Thumb Code    14  handlers.o(i.__scatterload_zeroinit)
    main                                     0x080009d5   Thumb Code    14  main.o(i.main)
    pvPortMalloc                             0x08001059   Thumb Code   148  heap_4.o(i.pvPortMalloc)
    pxPortInitialiseStack                    0x080010f1   Thumb Code    32  port.o(i.pxPortInitialiseStack)
    uart_dma_init                            0x08001115   Thumb Code   120  usart.o(i.uart_dma_init)
    uart_init                                0x08001199   Thumb Code   200  usart.o(i.uart_init)
    uxListRemove                             0x08001271   Thumb Code    36  list.o(i.uxListRemove)
    vListInitialise                          0x08001295   Thumb Code    22  list.o(i.vListInitialise)
    vListInitialiseItem                      0x080012ab   Thumb Code     6  list.o(i.vListInitialiseItem)
    vListInsert                              0x080012b1   Thumb Code    48  list.o(i.vListInsert)
    vListInsertEnd                           0x080012e1   Thumb Code    24  list.o(i.vListInsertEnd)
    vPortEnterCritical                       0x080012f9   Thumb Code    24  port.o(i.vPortEnterCritical)
    vPortExitCritical                        0x08001315   Thumb Code    16  port.o(i.vPortExitCritical)
    vPortFree                                0x08001329   Thumb Code    58  heap_4.o(i.vPortFree)
    vPortSetupTimerInterrupt                 0x08001369   Thumb Code    16  port.o(i.vPortSetupTimerInterrupt)
    vQueueWaitForMessageRestricted           0x08001379   Thumb Code    68  queue.o(i.vQueueWaitForMessageRestricted)
    vTaskMissedYield                         0x080013bd   Thumb Code     8  tasks.o(i.vTaskMissedYield)
    vTaskPlaceOnEventList                    0x080013c9   Thumb Code    30  tasks.o(i.vTaskPlaceOnEventList)
    vTaskPlaceOnEventListRestricted          0x080013ed   Thumb Code    38  tasks.o(i.vTaskPlaceOnEventListRestricted)
    vTaskSetTimeOutState                     0x08001419   Thumb Code    12  tasks.o(i.vTaskSetTimeOutState)
    vTaskStartScheduler                      0x08001429   Thumb Code    74  tasks.o(i.vTaskStartScheduler)
    vTaskSuspendAll                          0x08001485   Thumb Code    10  tasks.o(i.vTaskSuspendAll)
    vTaskSwitchContext                       0x08001495   Thumb Code    60  tasks.o(i.vTaskSwitchContext)
    xPortStartScheduler                      0x080014d9   Thumb Code    38  port.o(i.xPortStartScheduler)
    xPortSysTickHandler                      0x08001509   Thumb Code    38  port.o(i.xPortSysTickHandler)
    xQueueGenericCreate                      0x08001535   Thumb Code    54  queue.o(i.xQueueGenericCreate)
    xQueueGenericReceive                     0x0800156d   Thumb Code   258  queue.o(i.xQueueGenericReceive)
    xQueueGenericReset                       0x08001675   Thumb Code   112  queue.o(i.xQueueGenericReset)
    xQueueGenericSend                        0x080016e9   Thumb Code   250  queue.o(i.xQueueGenericSend)
    xQueueGenericSendFromISR                 0x080017e9   Thumb Code   102  queue.o(i.xQueueGenericSendFromISR)
    xTaskCheckForTimeOut                     0x08001851   Thumb Code    66  tasks.o(i.xTaskCheckForTimeOut)
    xTaskCreate                              0x08001899   Thumb Code    86  tasks.o(i.xTaskCreate)
    xTaskGetSchedulerState                   0x080018f1   Thumb Code    22  tasks.o(i.xTaskGetSchedulerState)
    xTaskGetTickCount                        0x0800190d   Thumb Code     6  tasks.o(i.xTaskGetTickCount)
    xTaskIncrementTick                       0x08001919   Thumb Code   170  tasks.o(i.xTaskIncrementTick)
    xTaskRemoveFromEventList                 0x080019cd   Thumb Code    90  tasks.o(i.xTaskRemoveFromEventList)
    xTaskResumeAll                           0x08001a31   Thumb Code   164  tasks.o(i.xTaskResumeAll)
    xTimerCreateTimerTask                    0x08001ae1   Thumb Code    42  timers.o(i.xTimerCreateTimerTask)
    xTimerGenericCommand                     0x08001b1d   Thumb Code    68  timers.o(i.xTimerGenericCommand)
    Region$$Table$$Base                      0x08001b64   Number         0  anon$$obj.o(Region$$Table)
    Region$$Table$$Limit                     0x08001b84   Number         0  anon$$obj.o(Region$$Table)
    Uart_DMA_TX                              0x20000000   Data           2  usart.o(.data)
    SystemCoreClock                          0x20000020   Data           4  system_gd32f10x.o(.data)
    AHBPrescTableList                        0x20000024   Data          16  system_gd32f10x.o(.data)
    pxCurrentTCB                             0x20000034   Data           4  tasks.o(.data)
    __initial_sp                             0x20004190   Data           0  startup_gd32f10x_hd.o(STACK)



==============================================================================

Memory Map of the image

  Image Entry point : 0x08000131

  Load Region LR_IROM1 (Base: 0x08000000, Size: 0x00001c24, Max: 0x00010000, ABSOLUTE)

    Execution Region ER_IROM1 (Base: 0x08000000, Size: 0x00001b84, Max: 0x00010000, ABSOLUTE)

    Base Addr    Size         Type   Attr      Idx    E Section Name        Object

    0x08000000   0x00000130   Data   RO         4028    RESET               startup_gd32f10x_hd.o
    0x08000130   0x00000000   Code   RO         4743  * .ARM.Collect$$$$00000000  mc_w.l(entry.o)
    0x08000130   0x00000004   Code   RO         4837    .ARM.Collect$$$$00000001  mc_w.l(entry2.o)
    0x08000134   0x00000004   Code   RO         4840    .ARM.Collect$$$$00000004  mc_w.l(entry5.o)
    0x08000138   0x00000000   Code   RO         4842    .ARM.Collect$$$$00000008  mc_w.l(entry7b.o)
    0x08000138   0x00000000   Code   RO         4844    .ARM.Collect$$$$0000000A  mc_w.l(entry8b.o)
    0x08000138   0x00000008   Code   RO         4845    .ARM.Collect$$$$0000000B  mc_w.l(entry9a.o)
    0x08000140   0x00000000   Code   RO         4847    .ARM.Collect$$$$0000000D  mc_w.l(entry10a.o)
    0x08000140   0x00000000   Code   RO         4849    .ARM.Collect$$$$0000000F  mc_w.l(entry11a.o)
    0x08000140   0x00000004   Code   RO         4838    .ARM.Collect$$$$00002712  mc_w.l(entry2.o)
    0x08000144   0x00000096   Code   RO         4605    .emb_text           port.o
    0x080001da   0x00000002   PAD
    0x080001dc   0x0000001c   Code   RO         4029    .text               startup_gd32f10x_hd.o
    0x080001f8   0x00000024   Code   RO         4746    .text               mc_w.l(memcpya.o)
    0x0800021c   0x00000024   Code   RO         4878    .text               mc_w.l(init.o)
    0x08000240   0x0000001c   Code   RO          252    i.DMA1_Channel4_IRQHandler  usart.o
    0x0800025c   0x00000018   Code   RO         1503    i.DMA_ClearBitState  gd32f10x_dma.o
    0x08000274   0x000000e4   Code   RO         1505    i.DMA_DeInit        gd32f10x_dma.o
    0x08000358   0x00000016   Code   RO         1506    i.DMA_Enable        gd32f10x_dma.o
    0x0800036e   0x00000010   Code   RO         1510    i.DMA_INTConfig     gd32f10x_dma.o
    0x0800037e   0x0000003a   Code   RO         1511    i.DMA_Init          gd32f10x_dma.o
    0x080003b8   0x00000002   Code   RO          156    i.EXTI0_IRQHandler  gd32_it.o
    0x080003ba   0x00000002   Code   RO          157    i.EXTI15_10_IRQHandler  gd32_it.o
    0x080003bc   0x0000009c   Code   RO         1978    i.GPIO_Init         gd32f10x_gpio.o
    0x08000458   0x00000058   Code   RO         1981    i.GPIO_PinRemapConfig  gd32f10x_gpio.o
    0x080004b0   0x00000002   Code   RO          158    i.HardFault_Handler  gd32_it.o
    0x080004b2   0x00000002   Code   RO          159    i.NMI_Handler       gd32_it.o
    0x080004b4   0x000000b0   Code   RO         2404    i.NVIC_Init         gd32f10x_misc.o
    0x08000564   0x00000014   Code   RO         2405    i.NVIC_PRIGroup_Enable  gd32f10x_misc.o
    0x08000578   0x00000004   Code   RO          160    i.PendSV_Handler    gd32_it.o
    0x0800057c   0x00000014   Code   RO         2525    i.RCC_AHBConfig     gd32f10x_rcc.o
    0x08000590   0x00000018   Code   RO         2526    i.RCC_AHBPeriphClock_Enable  gd32f10x_rcc.o
    0x080005a8   0x00000014   Code   RO         2527    i.RCC_APB1Config    gd32f10x_rcc.o
    0x080005bc   0x00000018   Code   RO         2528    i.RCC_APB1PeriphClock_Enable  gd32f10x_rcc.o
    0x080005d4   0x00000018   Code   RO         2529    i.RCC_APB1PeriphReset_Enable  gd32f10x_rcc.o
    0x080005ec   0x00000014   Code   RO         2530    i.RCC_APB2Config    gd32f10x_rcc.o
    0x08000600   0x00000018   Code   RO         2531    i.RCC_APB2PeriphClock_Enable  gd32f10x_rcc.o
    0x08000618   0x00000018   Code   RO         2532    i.RCC_APB2PeriphReset_Enable  gd32f10x_rcc.o
    0x08000630   0x00000014   Code   RO         2536    i.RCC_CK_SYSConfig  gd32f10x_rcc.o
    0x08000644   0x00000044   Code   RO         2539    i.RCC_DeInit        gd32f10x_rcc.o
    0x08000688   0x00000030   Code   RO         2540    i.RCC_GetBitState   gd32f10x_rcc.o
    0x080006b8   0x00000010   Code   RO         2541    i.RCC_GetCK_SYSSource  gd32f10x_rcc.o
    0x080006c8   0x000000cc   Code   RO         2542    i.RCC_GetClocksFreq  gd32f10x_rcc.o
    0x08000794   0x0000001c   Code   RO         2546    i.RCC_HSI_Enable    gd32f10x_rcc.o
    0x080007b0   0x0000001c   Code   RO         2551    i.RCC_PLLConfig     gd32f10x_rcc.o
    0x080007cc   0x0000001c   Code   RO         2552    i.RCC_PLL_Enable    gd32f10x_rcc.o
    0x080007e8   0x00000004   Code   RO          161    i.SVC_Handler       gd32_it.o
    0x080007ec   0x00000016   Code   RO          216    i.SysInit           sys.o
    0x08000802   0x00000004   Code   RO          162    i.SysTick_Handler   gd32_it.o
    0x08000806   0x00000002   PAD
    0x08000808   0x00000030   Code   RO          217    i.SysTick_Init      sys.o
    0x08000838   0x00000070   Code   RO          218    i.System_Clock_Init  sys.o
    0x080008a8   0x00000002   Code   RO          253    i.USART1_IRQHandler  usart.o
    0x080008aa   0x00000010   Code   RO         3747    i.USART_DMA_Enable  gd32f10x_usart.o
    0x080008ba   0x00000002   PAD
    0x080008bc   0x00000074   Code   RO         3750    i.USART_DeInit      gd32f10x_usart.o
    0x08000930   0x00000014   Code   RO         3751    i.USART_Enable      gd32f10x_usart.o
    0x08000944   0x00000070   Code   RO         3757    i.USART_Init        gd32f10x_usart.o
    0x080009b4   0x00000002   Code   RO          163    i.USB_LP_CAN1_RX0_IRQHandler  gd32_it.o
    0x080009b6   0x0000000e   Code   RO         4890    i.__scatterload_copy  mc_w.l(handlers.o)
    0x080009c4   0x00000002   Code   RO         4891    i.__scatterload_null  mc_w.l(handlers.o)
    0x080009c6   0x0000000e   Code   RO         4892    i.__scatterload_zeroinit  mc_w.l(handlers.o)
    0x080009d4   0x0000000e   Code   RO            4    i.main              main.o
    0x080009e2   0x00000002   PAD
    0x080009e4   0x00000070   Code   RO         4219    i.prvAddCurrentTaskToDelayedList  tasks.o
    0x08000a54   0x000000d0   Code   RO         4220    i.prvAddNewTaskToReadyList  tasks.o
    0x08000b24   0x00000040   Code   RO         4502    i.prvCheckForValidListAndQueue  timers.o
    0x08000b64   0x00000054   Code   RO         4221    i.prvCheckTasksWaitingTermination  tasks.o
    0x08000bb8   0x00000026   Code   RO         4078    i.prvCopyDataFromQueue  queue.o
    0x08000bde   0x0000005a   Code   RO         4079    i.prvCopyDataToQueue  queue.o
    0x08000c38   0x00000014   Code   RO         4222    i.prvDeleteTCB      tasks.o
    0x08000c4c   0x0000004c   Code   RO         4676    i.prvHeapInit       heap_4.o
    0x08000c98   0x00000028   Code   RO         4223    i.prvIdleTask       tasks.o
    0x08000cc0   0x00000078   Code   RO         4224    i.prvInitialiseNewTask  tasks.o
    0x08000d38   0x0000004c   Code   RO         4677    i.prvInsertBlockIntoFreeList  heap_4.o
    0x08000d84   0x00000038   Code   RO         4503    i.prvInsertTimerInActiveList  timers.o
    0x08000dbc   0x0000001a   Code   RO         4080    i.prvIsQueueEmpty   queue.o
    0x08000dd6   0x00000002   PAD
    0x08000dd8   0x00000098   Code   RO         4504    i.prvProcessReceivedCommands  timers.o
    0x08000e70   0x000000a4   Code   RO         4505    i.prvProcessTimerOrBlockTask  timers.o
    0x08000f14   0x00000020   Code   RO         4225    i.prvResetNextTaskUnblockTime  tasks.o
    0x08000f34   0x00000028   Code   RO         4506    i.prvSampleTimeNow  timers.o
    0x08000f5c   0x00000058   Code   RO         4507    i.prvSwitchTimerLists  timers.o
    0x08000fb4   0x00000010   Code   RO         4606    i.prvTaskExitError  port.o
    0x08000fc4   0x00000028   Code   RO         4508    i.prvTimerTask      timers.o
    0x08000fec   0x0000006a   Code   RO         4081    i.prvUnlockQueue    queue.o
    0x08001056   0x00000002   PAD
    0x08001058   0x00000098   Code   RO         4678    i.pvPortMalloc      heap_4.o
    0x080010f0   0x00000024   Code   RO         4607    i.pxPortInitialiseStack  port.o
    0x08001114   0x00000084   Code   RO          255    i.uart_dma_init     usart.o
    0x08001198   0x000000d8   Code   RO          256    i.uart_init         usart.o
    0x08001270   0x00000024   Code   RO         4033    i.uxListRemove      list.o
    0x08001294   0x00000016   Code   RO         4034    i.vListInitialise   list.o
    0x080012aa   0x00000006   Code   RO         4035    i.vListInitialiseItem  list.o
    0x080012b0   0x00000030   Code   RO         4036    i.vListInsert       list.o
    0x080012e0   0x00000018   Code   RO         4037    i.vListInsertEnd    list.o
    0x080012f8   0x0000001c   Code   RO         4609    i.vPortEnterCritical  port.o
    0x08001314   0x00000014   Code   RO         4610    i.vPortExitCritical  port.o
    0x08001328   0x00000040   Code   RO         4679    i.vPortFree         heap_4.o
    0x08001368   0x00000010   Code   RO         4611    i.vPortSetupTimerInterrupt  port.o
    0x08001378   0x00000044   Code   RO         4086    i.vQueueWaitForMessageRestricted  queue.o
    0x080013bc   0x0000000c   Code   RO         4236    i.vTaskMissedYield  tasks.o
    0x080013c8   0x00000024   Code   RO         4238    i.vTaskPlaceOnEventList  tasks.o
    0x080013ec   0x0000002c   Code   RO         4239    i.vTaskPlaceOnEventListRestricted  tasks.o
    0x08001418   0x00000010   Code   RO         4243    i.vTaskSetTimeOutState  tasks.o
    0x08001428   0x0000005c   Code   RO         4244    i.vTaskStartScheduler  tasks.o
    0x08001484   0x00000010   Code   RO         4246    i.vTaskSuspendAll   tasks.o
    0x08001494   0x00000044   Code   RO         4247    i.vTaskSwitchContext  tasks.o
    0x080014d8   0x00000030   Code   RO         4612    i.xPortStartScheduler  port.o
    0x08001508   0x0000002c   Code   RO         4613    i.xPortSysTickHandler  port.o
    0x08001534   0x00000036   Code   RO         4088    i.xQueueGenericCreate  queue.o
    0x0800156a   0x00000002   PAD
    0x0800156c   0x00000108   Code   RO         4089    i.xQueueGenericReceive  queue.o
    0x08001674   0x00000074   Code   RO         4090    i.xQueueGenericReset  queue.o
    0x080016e8   0x00000100   Code   RO         4091    i.xQueueGenericSend  queue.o
    0x080017e8   0x00000066   Code   RO         4092    i.xQueueGenericSendFromISR  queue.o
    0x0800184e   0x00000002   PAD
    0x08001850   0x00000048   Code   RO         4248    i.xTaskCheckForTimeOut  tasks.o
    0x08001898   0x00000056   Code   RO         4249    i.xTaskCreate       tasks.o
    0x080018ee   0x00000002   PAD
    0x080018f0   0x0000001c   Code   RO         4252    i.xTaskGetSchedulerState  tasks.o
    0x0800190c   0x0000000c   Code   RO         4253    i.xTaskGetTickCount  tasks.o
    0x08001918   0x000000b4   Code   RO         4255    i.xTaskIncrementTick  tasks.o
    0x080019cc   0x00000064   Code   RO         4258    i.xTaskRemoveFromEventList  tasks.o
    0x08001a30   0x000000b0   Code   RO         4260    i.xTaskResumeAll    tasks.o
    0x08001ae0   0x0000003c   Code   RO         4512    i.xTimerCreateTimerTask  timers.o
    0x08001b1c   0x00000048   Code   RO         4513    i.xTimerGenericCommand  timers.o
    0x08001b64   0x00000020   Data   RO         4888    Region$$Table       anon$$obj.o


    Execution Region RW_IRAM1 (Base: 0x20000000, Size: 0x00004190, Max: 0x00005000, ABSOLUTE)

    Base Addr    Size         Type   Attr      Idx    E Section Name        Object

    0x20000000   0x00000008   Data   RW          257    .data               usart.o
    0x20000008   0x00000018   Data   RW         2557    .data               gd32f10x_rcc.o
    0x20000020   0x00000014   Data   RW         3991    .data               system_gd32f10x.o
    0x20000034   0x0000003c   Data   RW         4263    .data               tasks.o
    0x20000070   0x00000014   Data   RW         4519    .data               timers.o
    0x20000084   0x00000004   Data   RW         4614    .data               port.o
    0x20000088   0x00000018   Data   RW         4684    .data               heap_4.o
    0x200000a0   0x000000c8   Zero   RW         4262    .bss                tasks.o
    0x20000168   0x00000028   Zero   RW         4518    .bss                timers.o
    0x20000190   0x00003800   Zero   RW         4683    .bss                heap_4.o
    0x20003990   0x00000800   Zero   RW         4026    STACK               startup_gd32f10x_hd.o


==============================================================================

Image component sizes


      Code (inc. data)   RO Data    RW Data    ZI Data      Debug   Object Name

        22          0          0          0          0       3090   gd32_it.o
       348         18          0          0          0       4845   gd32f10x_dma.o
       244          6          0          0          0       2870   gd32f10x_gpio.o
       196         16          0          0          0       1687   gd32f10x_misc.o
       620        132          0         24          0      10700   gd32f10x_rcc.o
       264         24          0          0          0       3234   gd32f10x_usart.o
       368         24          0         24      14336       3655   heap_4.o
       136          0          0          0          0       4238   list.o
        14          0          0          0          0     276339   main.o
       358         40          0          4          0       8608   port.o
      1120         16          0          0          0      20370   queue.o
        28          4        304          0       2048        776   startup_gd32f10x_hd.o
       182          4          0          0          0       1333   sys.o
         0          0          0         20          0       1472   system_gd32f10x.o
      1554        152          0         60        200      26657   tasks.o
       736         76          0         20         40       7531   timers.o
       378         34          0          8          0       2353   usart.o

    ----------------------------------------------------------------------
      6586        546        336        160      16624     379758   Object Totals
         0          0         32          0          0          0   (incl. Generated)
        18          0          0          0          0          0   (incl. Padding)

    ----------------------------------------------------------------------

      Code (inc. data)   RO Data    RW Data    ZI Data      Debug   Library Member Name

         0          0          0          0          0          0   entry.o
         0          0          0          0          0          0   entry10a.o
         0          0          0          0          0          0   entry11a.o
         8          4          0          0          0          0   entry2.o
         4          0          0          0          0          0   entry5.o
         0          0          0          0          0          0   entry7b.o
         0          0          0          0          0          0   entry8b.o
         8          4          0          0          0          0   entry9a.o
        30          0          0          0          0          0   handlers.o
        36          8          0          0          0         68   init.o
        36          0          0          0          0         68   memcpya.o

    ----------------------------------------------------------------------
       122         16          0          0          0        136   Library Totals
         0          0          0          0          0          0   (incl. Padding)

    ----------------------------------------------------------------------

      Code (inc. data)   RO Data    RW Data    ZI Data      Debug   Library Name

       122         16          0          0          0        136   mc_w.l

    ----------------------------------------------------------------------
       122         16          0          0          0        136   Library Totals

    ----------------------------------------------------------------------

==============================================================================


      Code (inc. data)   RO Data    RW Data    ZI Data      Debug   

      6708        562        336        160      16624     375002   Grand Totals
      6708        562        336        160      16624     375002   ELF Image Totals
      6708        562        336        160          0          0   ROM Totals

==============================================================================

    Total RO  Size (Code + RO Data)                 7044 (   6.88kB)
    Total RW  Size (RW Data + ZI Data)             16784 (  16.39kB)
    Total ROM Size (Code + RO Data + RW Data)       7204 (   7.04kB)

==============================================================================

